output_EPphi_0.root
output_EPphi_1.root
output_EPphi_10.root
output_EPphi_100.root
output_EPphi_1000.root
output_EPphi_1001.root
output_EPphi_1002.root
output_EPphi_1003.root
output_EPphi_1004.root
output_EPphi_1005.root
output_EPphi_1006.root
output_EPphi_1007.root
output_EPphi_1008.root
output_EPphi_1009.root
output_EPphi_101.root
output_EPphi_1010.root
output_EPphi_1011.root
output_EPphi_1012.root
output_EPphi_1013.root
output_EPphi_1014.root
output_EPphi_1015.root
output_EPphi_102.root
output_EPphi_103.root
output_EPphi_104.root
output_EPphi_105.root
output_EPphi_106.root
output_EPphi_107.root
output_EPphi_108.root
output_EPphi_109.root
output_EPphi_11.root
output_EPphi_110.root
output_EPphi_111.root
output_EPphi_112.root
output_EPphi_113.root
output_EPphi_114.root
output_EPphi_115.root
output_EPphi_116.root
output_EPphi_117.root
output_EPphi_118.root
output_EPphi_119.root
output_EPphi_12.root
output_EPphi_120.root
output_EPphi_121.root
output_EPphi_122.root
output_EPphi_123.root
output_EPphi_124.root
output_EPphi_125.root
output_EPphi_126.root
output_EPphi_127.root
output_EPphi_128.root
output_EPphi_129.root
output_EPphi_13.root
output_EPphi_130.root
output_EPphi_131.root
output_EPphi_132.root
output_EPphi_133.root
output_EPphi_134.root
output_EPphi_135.root
output_EPphi_136.root
output_EPphi_137.root
output_EPphi_138.root
output_EPphi_139.root
output_EPphi_14.root
output_EPphi_140.root
output_EPphi_141.root
output_EPphi_142.root
output_EPphi_143.root
output_EPphi_144.root
output_EPphi_145.root
output_EPphi_146.root
output_EPphi_147.root
output_EPphi_148.root
output_EPphi_149.root
output_EPphi_15.root
output_EPphi_150.root
output_EPphi_151.root
output_EPphi_152.root
output_EPphi_153.root
output_EPphi_154.root
output_EPphi_155.root
output_EPphi_156.root
output_EPphi_157.root
output_EPphi_158.root
output_EPphi_159.root
output_EPphi_16.root
output_EPphi_160.root
output_EPphi_161.root
output_EPphi_162.root
output_EPphi_163.root
output_EPphi_164.root
output_EPphi_165.root
output_EPphi_166.root
output_EPphi_167.root
output_EPphi_168.root
output_EPphi_169.root
output_EPphi_17.root
output_EPphi_170.root
output_EPphi_171.root
output_EPphi_172.root
output_EPphi_173.root
output_EPphi_174.root
output_EPphi_175.root
output_EPphi_176.root
output_EPphi_177.root
output_EPphi_178.root
output_EPphi_179.root
output_EPphi_18.root
output_EPphi_180.root
output_EPphi_181.root
output_EPphi_182.root
output_EPphi_183.root
output_EPphi_184.root
output_EPphi_185.root
output_EPphi_186.root
output_EPphi_187.root
output_EPphi_188.root
output_EPphi_189.root
output_EPphi_19.root
output_EPphi_190.root
output_EPphi_191.root
output_EPphi_192.root
output_EPphi_193.root
output_EPphi_194.root
output_EPphi_195.root
output_EPphi_196.root
output_EPphi_197.root
output_EPphi_198.root
output_EPphi_199.root
output_EPphi_2.root
output_EPphi_20.root
output_EPphi_200.root
output_EPphi_201.root
output_EPphi_202.root
output_EPphi_203.root
output_EPphi_204.root
output_EPphi_205.root
output_EPphi_206.root
output_EPphi_207.root
output_EPphi_208.root
output_EPphi_209.root
output_EPphi_21.root
output_EPphi_210.root
output_EPphi_211.root
output_EPphi_212.root
output_EPphi_213.root
output_EPphi_214.root
output_EPphi_215.root
output_EPphi_216.root
output_EPphi_217.root
output_EPphi_218.root
output_EPphi_219.root
output_EPphi_22.root
output_EPphi_220.root
output_EPphi_221.root
output_EPphi_222.root
output_EPphi_223.root
output_EPphi_224.root
output_EPphi_225.root
output_EPphi_226.root
output_EPphi_227.root
output_EPphi_228.root
output_EPphi_229.root
output_EPphi_23.root
output_EPphi_230.root
output_EPphi_231.root
output_EPphi_232.root
output_EPphi_233.root
output_EPphi_234.root
output_EPphi_235.root
output_EPphi_236.root
output_EPphi_237.root
output_EPphi_238.root
output_EPphi_239.root
output_EPphi_24.root
output_EPphi_240.root
output_EPphi_241.root
output_EPphi_242.root
output_EPphi_243.root
output_EPphi_244.root
output_EPphi_245.root
output_EPphi_246.root
output_EPphi_247.root
output_EPphi_248.root
output_EPphi_249.root
output_EPphi_25.root
output_EPphi_250.root
output_EPphi_251.root
output_EPphi_252.root
output_EPphi_253.root
output_EPphi_254.root
output_EPphi_255.root
output_EPphi_256.root
output_EPphi_257.root
output_EPphi_258.root
output_EPphi_259.root
output_EPphi_26.root
output_EPphi_260.root
output_EPphi_261.root
output_EPphi_262.root
output_EPphi_263.root
output_EPphi_264.root
output_EPphi_265.root
output_EPphi_266.root
output_EPphi_267.root
output_EPphi_268.root
output_EPphi_269.root
output_EPphi_27.root
output_EPphi_270.root
output_EPphi_271.root
output_EPphi_272.root
output_EPphi_273.root
output_EPphi_274.root
output_EPphi_275.root
output_EPphi_276.root
output_EPphi_277.root
output_EPphi_278.root
output_EPphi_279.root
output_EPphi_28.root
output_EPphi_280.root
output_EPphi_281.root
output_EPphi_282.root
output_EPphi_283.root
output_EPphi_284.root
output_EPphi_285.root
output_EPphi_286.root
output_EPphi_287.root
output_EPphi_288.root
output_EPphi_289.root
output_EPphi_29.root
output_EPphi_290.root
output_EPphi_291.root
output_EPphi_292.root
output_EPphi_293.root
output_EPphi_294.root
output_EPphi_295.root
output_EPphi_296.root
output_EPphi_297.root
output_EPphi_298.root
output_EPphi_299.root
output_EPphi_3.root
output_EPphi_30.root
output_EPphi_300.root
output_EPphi_301.root
output_EPphi_302.root
output_EPphi_303.root
output_EPphi_304.root
output_EPphi_305.root
output_EPphi_306.root
output_EPphi_307.root
output_EPphi_308.root
output_EPphi_309.root
output_EPphi_31.root
output_EPphi_310.root
output_EPphi_311.root
output_EPphi_312.root
output_EPphi_313.root
output_EPphi_314.root
output_EPphi_315.root
output_EPphi_316.root
output_EPphi_317.root
output_EPphi_318.root
output_EPphi_319.root
output_EPphi_32.root
output_EPphi_320.root
output_EPphi_321.root
output_EPphi_322.root
output_EPphi_323.root
output_EPphi_324.root
output_EPphi_325.root
output_EPphi_326.root
output_EPphi_327.root
output_EPphi_328.root
output_EPphi_329.root
output_EPphi_33.root
output_EPphi_330.root
output_EPphi_331.root
output_EPphi_332.root
output_EPphi_333.root
output_EPphi_334.root
output_EPphi_335.root
output_EPphi_336.root
output_EPphi_337.root
output_EPphi_338.root
output_EPphi_339.root
output_EPphi_34.root
output_EPphi_340.root
output_EPphi_341.root
output_EPphi_342.root
output_EPphi_343.root
output_EPphi_344.root
output_EPphi_345.root
output_EPphi_346.root
output_EPphi_347.root
output_EPphi_348.root
output_EPphi_349.root
output_EPphi_35.root
output_EPphi_350.root
output_EPphi_351.root
output_EPphi_352.root
output_EPphi_353.root
output_EPphi_354.root
output_EPphi_355.root
output_EPphi_356.root
output_EPphi_357.root
output_EPphi_358.root
output_EPphi_359.root
output_EPphi_36.root
output_EPphi_360.root
output_EPphi_361.root
output_EPphi_362.root
output_EPphi_363.root
output_EPphi_364.root
output_EPphi_365.root
output_EPphi_366.root
output_EPphi_367.root
output_EPphi_368.root
output_EPphi_369.root
output_EPphi_37.root
output_EPphi_370.root
output_EPphi_371.root
output_EPphi_372.root
output_EPphi_373.root
output_EPphi_374.root
output_EPphi_375.root
output_EPphi_376.root
output_EPphi_377.root
output_EPphi_378.root
output_EPphi_379.root
output_EPphi_38.root
output_EPphi_380.root
output_EPphi_381.root
output_EPphi_382.root
output_EPphi_383.root
output_EPphi_384.root
output_EPphi_385.root
output_EPphi_386.root
output_EPphi_387.root
output_EPphi_388.root
output_EPphi_389.root
output_EPphi_39.root
output_EPphi_390.root
output_EPphi_391.root
output_EPphi_392.root
output_EPphi_393.root
output_EPphi_394.root
output_EPphi_395.root
output_EPphi_396.root
output_EPphi_397.root
output_EPphi_398.root
output_EPphi_399.root
output_EPphi_4.root
output_EPphi_40.root
output_EPphi_400.root
output_EPphi_401.root
output_EPphi_402.root
output_EPphi_403.root
output_EPphi_404.root
output_EPphi_405.root
output_EPphi_406.root
output_EPphi_407.root
output_EPphi_408.root
output_EPphi_409.root
output_EPphi_41.root
output_EPphi_410.root
output_EPphi_411.root
output_EPphi_412.root
output_EPphi_413.root
output_EPphi_414.root
output_EPphi_415.root
output_EPphi_416.root
output_EPphi_417.root
output_EPphi_418.root
output_EPphi_419.root
output_EPphi_42.root
output_EPphi_420.root
output_EPphi_421.root
output_EPphi_422.root
output_EPphi_423.root
output_EPphi_424.root
output_EPphi_425.root
output_EPphi_426.root
output_EPphi_427.root
output_EPphi_428.root
output_EPphi_429.root
output_EPphi_43.root
output_EPphi_430.root
output_EPphi_431.root
output_EPphi_432.root
output_EPphi_433.root
output_EPphi_434.root
output_EPphi_435.root
output_EPphi_436.root
output_EPphi_437.root
output_EPphi_438.root
output_EPphi_439.root
output_EPphi_44.root
output_EPphi_440.root
output_EPphi_441.root
output_EPphi_442.root
output_EPphi_443.root
output_EPphi_444.root
output_EPphi_445.root
output_EPphi_446.root
output_EPphi_447.root
output_EPphi_448.root
output_EPphi_449.root
output_EPphi_45.root
output_EPphi_450.root
output_EPphi_451.root
output_EPphi_452.root
output_EPphi_453.root
output_EPphi_454.root
output_EPphi_455.root
output_EPphi_456.root
output_EPphi_457.root
output_EPphi_458.root
output_EPphi_459.root
output_EPphi_46.root
output_EPphi_460.root
output_EPphi_461.root
output_EPphi_462.root
output_EPphi_463.root
output_EPphi_464.root
output_EPphi_465.root
output_EPphi_466.root
output_EPphi_467.root
output_EPphi_468.root
output_EPphi_469.root
output_EPphi_47.root
output_EPphi_470.root
output_EPphi_471.root
output_EPphi_472.root
output_EPphi_473.root
output_EPphi_474.root
output_EPphi_475.root
output_EPphi_476.root
output_EPphi_477.root
output_EPphi_478.root
output_EPphi_479.root
output_EPphi_48.root
output_EPphi_480.root
output_EPphi_481.root
output_EPphi_482.root
output_EPphi_483.root
output_EPphi_484.root
output_EPphi_485.root
output_EPphi_486.root
output_EPphi_487.root
output_EPphi_488.root
output_EPphi_489.root
output_EPphi_49.root
output_EPphi_490.root
output_EPphi_491.root
output_EPphi_492.root
output_EPphi_493.root
output_EPphi_494.root
output_EPphi_495.root
output_EPphi_496.root
output_EPphi_497.root
output_EPphi_498.root
output_EPphi_499.root
output_EPphi_5.root
output_EPphi_50.root
output_EPphi_500.root
output_EPphi_501.root
output_EPphi_502.root
output_EPphi_503.root
output_EPphi_504.root
output_EPphi_505.root
output_EPphi_506.root
output_EPphi_507.root
output_EPphi_508.root
output_EPphi_509.root
output_EPphi_51.root
output_EPphi_510.root
output_EPphi_511.root
output_EPphi_512.root
output_EPphi_513.root
output_EPphi_514.root
output_EPphi_515.root
output_EPphi_516.root
output_EPphi_517.root
output_EPphi_518.root
output_EPphi_519.root
output_EPphi_52.root
output_EPphi_520.root
output_EPphi_521.root
output_EPphi_522.root
output_EPphi_523.root
output_EPphi_524.root
output_EPphi_525.root
output_EPphi_526.root
output_EPphi_527.root
output_EPphi_528.root
output_EPphi_529.root
output_EPphi_53.root
output_EPphi_530.root
output_EPphi_531.root
output_EPphi_532.root
output_EPphi_533.root
output_EPphi_534.root
output_EPphi_535.root
output_EPphi_536.root
output_EPphi_537.root
output_EPphi_538.root
output_EPphi_539.root
output_EPphi_54.root
output_EPphi_540.root
output_EPphi_541.root
output_EPphi_542.root
output_EPphi_543.root
output_EPphi_544.root
output_EPphi_545.root
output_EPphi_546.root
output_EPphi_547.root
output_EPphi_548.root
output_EPphi_549.root
output_EPphi_55.root
output_EPphi_550.root
output_EPphi_551.root
output_EPphi_552.root
output_EPphi_553.root
output_EPphi_554.root
output_EPphi_555.root
output_EPphi_556.root
output_EPphi_557.root
output_EPphi_558.root
output_EPphi_559.root
output_EPphi_56.root
output_EPphi_560.root
output_EPphi_561.root
output_EPphi_562.root
output_EPphi_563.root
output_EPphi_564.root
output_EPphi_565.root
output_EPphi_566.root
output_EPphi_567.root
output_EPphi_568.root
output_EPphi_569.root
output_EPphi_57.root
output_EPphi_570.root
output_EPphi_571.root
output_EPphi_572.root
output_EPphi_573.root
output_EPphi_574.root
output_EPphi_575.root
output_EPphi_576.root
output_EPphi_577.root
output_EPphi_578.root
output_EPphi_579.root
output_EPphi_58.root
output_EPphi_580.root
output_EPphi_581.root
output_EPphi_582.root
output_EPphi_583.root
output_EPphi_584.root
output_EPphi_585.root
output_EPphi_586.root
output_EPphi_587.root
output_EPphi_588.root
output_EPphi_589.root
output_EPphi_59.root
output_EPphi_590.root
output_EPphi_591.root
output_EPphi_592.root
output_EPphi_593.root
output_EPphi_594.root
output_EPphi_595.root
output_EPphi_596.root
output_EPphi_597.root
output_EPphi_598.root
output_EPphi_599.root
output_EPphi_6.root
output_EPphi_60.root
output_EPphi_600.root
output_EPphi_601.root
output_EPphi_602.root
output_EPphi_603.root
output_EPphi_604.root
output_EPphi_605.root
output_EPphi_606.root
output_EPphi_607.root
output_EPphi_608.root
output_EPphi_609.root
output_EPphi_61.root
output_EPphi_610.root
output_EPphi_611.root
output_EPphi_612.root
output_EPphi_613.root
output_EPphi_614.root
output_EPphi_615.root
output_EPphi_616.root
output_EPphi_617.root
output_EPphi_618.root
output_EPphi_619.root
output_EPphi_62.root
output_EPphi_620.root
output_EPphi_621.root
output_EPphi_622.root
output_EPphi_623.root
output_EPphi_624.root
output_EPphi_625.root
output_EPphi_626.root
output_EPphi_627.root
output_EPphi_628.root
output_EPphi_629.root
output_EPphi_63.root
output_EPphi_630.root
output_EPphi_631.root
output_EPphi_632.root
output_EPphi_633.root
output_EPphi_634.root
output_EPphi_635.root
output_EPphi_636.root
output_EPphi_637.root
output_EPphi_638.root
output_EPphi_639.root
output_EPphi_64.root
output_EPphi_640.root
output_EPphi_641.root
output_EPphi_642.root
output_EPphi_643.root
output_EPphi_644.root
output_EPphi_645.root
output_EPphi_646.root
output_EPphi_647.root
output_EPphi_648.root
output_EPphi_649.root
output_EPphi_65.root
output_EPphi_650.root
output_EPphi_651.root
output_EPphi_652.root
output_EPphi_653.root
output_EPphi_654.root
output_EPphi_655.root
output_EPphi_656.root
output_EPphi_657.root
output_EPphi_658.root
output_EPphi_659.root
output_EPphi_66.root
output_EPphi_660.root
output_EPphi_661.root
output_EPphi_662.root
output_EPphi_663.root
output_EPphi_664.root
output_EPphi_665.root
output_EPphi_666.root
output_EPphi_667.root
output_EPphi_668.root
output_EPphi_669.root
output_EPphi_67.root
output_EPphi_670.root
output_EPphi_671.root
output_EPphi_672.root
output_EPphi_673.root
output_EPphi_674.root
output_EPphi_675.root
output_EPphi_676.root
output_EPphi_677.root
output_EPphi_678.root
output_EPphi_679.root
output_EPphi_68.root
output_EPphi_680.root
output_EPphi_681.root
output_EPphi_682.root
output_EPphi_683.root
output_EPphi_684.root
output_EPphi_685.root
output_EPphi_686.root
output_EPphi_687.root
output_EPphi_688.root
output_EPphi_689.root
output_EPphi_69.root
output_EPphi_690.root
output_EPphi_691.root
output_EPphi_692.root
output_EPphi_693.root
output_EPphi_694.root
output_EPphi_695.root
output_EPphi_696.root
output_EPphi_697.root
output_EPphi_698.root
output_EPphi_699.root
output_EPphi_7.root
output_EPphi_70.root
output_EPphi_700.root
output_EPphi_701.root
output_EPphi_702.root
output_EPphi_703.root
output_EPphi_704.root
output_EPphi_705.root
output_EPphi_706.root
output_EPphi_707.root
output_EPphi_708.root
output_EPphi_709.root
output_EPphi_71.root
output_EPphi_710.root
output_EPphi_711.root
output_EPphi_712.root
output_EPphi_713.root
output_EPphi_714.root
output_EPphi_715.root
output_EPphi_716.root
output_EPphi_717.root
output_EPphi_718.root
output_EPphi_719.root
output_EPphi_72.root
output_EPphi_720.root
output_EPphi_721.root
output_EPphi_722.root
output_EPphi_723.root
output_EPphi_724.root
output_EPphi_725.root
output_EPphi_726.root
output_EPphi_727.root
output_EPphi_728.root
output_EPphi_729.root
output_EPphi_73.root
output_EPphi_730.root
output_EPphi_731.root
output_EPphi_732.root
output_EPphi_733.root
output_EPphi_734.root
output_EPphi_735.root
output_EPphi_736.root
output_EPphi_737.root
output_EPphi_738.root
output_EPphi_739.root
output_EPphi_74.root
output_EPphi_740.root
output_EPphi_741.root
output_EPphi_742.root
output_EPphi_743.root
output_EPphi_744.root
output_EPphi_745.root
output_EPphi_746.root
output_EPphi_747.root
output_EPphi_748.root
output_EPphi_749.root
output_EPphi_75.root
output_EPphi_750.root
output_EPphi_751.root
output_EPphi_752.root
output_EPphi_753.root
output_EPphi_754.root
output_EPphi_755.root
output_EPphi_756.root
output_EPphi_757.root
output_EPphi_758.root
output_EPphi_759.root
output_EPphi_76.root
output_EPphi_760.root
output_EPphi_761.root
output_EPphi_762.root
output_EPphi_763.root
output_EPphi_764.root
output_EPphi_765.root
output_EPphi_766.root
output_EPphi_767.root
output_EPphi_768.root
output_EPphi_769.root
output_EPphi_77.root
output_EPphi_770.root
output_EPphi_771.root
output_EPphi_772.root
output_EPphi_773.root
output_EPphi_774.root
output_EPphi_775.root
output_EPphi_776.root
output_EPphi_777.root
output_EPphi_778.root
output_EPphi_779.root
output_EPphi_78.root
output_EPphi_780.root
output_EPphi_781.root
output_EPphi_782.root
output_EPphi_783.root
output_EPphi_784.root
output_EPphi_785.root
output_EPphi_786.root
output_EPphi_787.root
output_EPphi_788.root
output_EPphi_789.root
output_EPphi_79.root
output_EPphi_790.root
output_EPphi_791.root
output_EPphi_792.root
output_EPphi_793.root
output_EPphi_794.root
output_EPphi_795.root
output_EPphi_796.root
output_EPphi_797.root
output_EPphi_798.root
output_EPphi_799.root
output_EPphi_8.root
output_EPphi_80.root
output_EPphi_800.root
output_EPphi_801.root
output_EPphi_802.root
output_EPphi_803.root
output_EPphi_804.root
output_EPphi_805.root
output_EPphi_806.root
output_EPphi_807.root
output_EPphi_808.root
output_EPphi_809.root
output_EPphi_81.root
output_EPphi_810.root
output_EPphi_811.root
output_EPphi_812.root
output_EPphi_813.root
output_EPphi_814.root
output_EPphi_815.root
output_EPphi_816.root
output_EPphi_817.root
output_EPphi_818.root
output_EPphi_819.root
output_EPphi_82.root
output_EPphi_820.root
output_EPphi_821.root
output_EPphi_822.root
output_EPphi_823.root
output_EPphi_824.root
output_EPphi_825.root
output_EPphi_826.root
output_EPphi_827.root
output_EPphi_828.root
output_EPphi_829.root
output_EPphi_83.root
output_EPphi_830.root
output_EPphi_831.root
output_EPphi_832.root
output_EPphi_833.root
output_EPphi_834.root
output_EPphi_835.root
output_EPphi_836.root
output_EPphi_837.root
output_EPphi_838.root
output_EPphi_839.root
output_EPphi_84.root
output_EPphi_840.root
output_EPphi_841.root
output_EPphi_842.root
output_EPphi_843.root
output_EPphi_844.root
output_EPphi_845.root
output_EPphi_846.root
output_EPphi_847.root
output_EPphi_848.root
output_EPphi_849.root
output_EPphi_85.root
output_EPphi_850.root
output_EPphi_851.root
output_EPphi_852.root
output_EPphi_853.root
output_EPphi_854.root
output_EPphi_855.root
output_EPphi_856.root
output_EPphi_857.root
output_EPphi_858.root
output_EPphi_859.root
output_EPphi_86.root
output_EPphi_860.root
output_EPphi_861.root
output_EPphi_862.root
output_EPphi_863.root
output_EPphi_864.root
output_EPphi_865.root
output_EPphi_866.root
output_EPphi_867.root
output_EPphi_868.root
output_EPphi_869.root
output_EPphi_87.root
output_EPphi_870.root
output_EPphi_871.root
output_EPphi_872.root
output_EPphi_873.root
output_EPphi_874.root
output_EPphi_875.root
output_EPphi_876.root
output_EPphi_877.root
output_EPphi_878.root
output_EPphi_879.root
output_EPphi_88.root
output_EPphi_880.root
output_EPphi_881.root
output_EPphi_882.root
output_EPphi_883.root
output_EPphi_884.root
output_EPphi_885.root
output_EPphi_886.root
output_EPphi_887.root
output_EPphi_888.root
output_EPphi_889.root
output_EPphi_89.root
output_EPphi_890.root
output_EPphi_891.root
output_EPphi_892.root
output_EPphi_893.root
output_EPphi_894.root
output_EPphi_895.root
output_EPphi_896.root
output_EPphi_897.root
output_EPphi_898.root
output_EPphi_899.root
output_EPphi_9.root
output_EPphi_90.root
output_EPphi_900.root
output_EPphi_901.root
output_EPphi_902.root
output_EPphi_903.root
output_EPphi_904.root
output_EPphi_905.root
output_EPphi_906.root
output_EPphi_907.root
output_EPphi_908.root
output_EPphi_909.root
output_EPphi_91.root
output_EPphi_910.root
output_EPphi_911.root
output_EPphi_912.root
output_EPphi_913.root
output_EPphi_914.root
output_EPphi_915.root
output_EPphi_916.root
output_EPphi_917.root
output_EPphi_918.root
output_EPphi_919.root
output_EPphi_92.root
output_EPphi_920.root
output_EPphi_921.root
output_EPphi_922.root
output_EPphi_923.root
output_EPphi_924.root
output_EPphi_925.root
output_EPphi_926.root
output_EPphi_927.root
output_EPphi_928.root
output_EPphi_929.root
output_EPphi_93.root
output_EPphi_930.root
output_EPphi_931.root
output_EPphi_932.root
output_EPphi_933.root
output_EPphi_934.root
output_EPphi_935.root
output_EPphi_936.root
output_EPphi_937.root
output_EPphi_938.root
output_EPphi_939.root
output_EPphi_94.root
output_EPphi_940.root
output_EPphi_941.root
output_EPphi_942.root
output_EPphi_943.root
output_EPphi_944.root
output_EPphi_945.root
output_EPphi_946.root
output_EPphi_947.root
output_EPphi_948.root
output_EPphi_949.root
output_EPphi_95.root
output_EPphi_950.root
output_EPphi_951.root
output_EPphi_952.root
output_EPphi_953.root
output_EPphi_954.root
output_EPphi_955.root
output_EPphi_956.root
output_EPphi_957.root
output_EPphi_958.root
output_EPphi_959.root
output_EPphi_96.root
output_EPphi_960.root
output_EPphi_961.root
output_EPphi_962.root
output_EPphi_963.root
output_EPphi_964.root
output_EPphi_965.root
output_EPphi_966.root
output_EPphi_967.root
output_EPphi_968.root
output_EPphi_969.root
output_EPphi_97.root
output_EPphi_970.root
output_EPphi_971.root
output_EPphi_972.root
output_EPphi_973.root
output_EPphi_974.root
output_EPphi_975.root
output_EPphi_976.root
output_EPphi_977.root
output_EPphi_978.root
output_EPphi_979.root
output_EPphi_98.root
output_EPphi_980.root
output_EPphi_981.root
output_EPphi_982.root
output_EPphi_983.root
output_EPphi_984.root
output_EPphi_985.root
output_EPphi_986.root
output_EPphi_987.root
output_EPphi_988.root
output_EPphi_989.root
output_EPphi_99.root
output_EPphi_990.root
output_EPphi_991.root
output_EPphi_992.root
output_EPphi_993.root
output_EPphi_994.root
output_EPphi_995.root
output_EPphi_996.root
output_EPphi_997.root
output_EPphi_998.root
output_EPphi_999.root
