EPAnaFulldAu200all_0.root
EPAnaFulldAu200all_1.root
EPAnaFulldAu200all_10.root
EPAnaFulldAu200all_100.root
EPAnaFulldAu200all_101.root
EPAnaFulldAu200all_102.root
EPAnaFulldAu200all_103.root
EPAnaFulldAu200all_104.root
EPAnaFulldAu200all_105.root
EPAnaFulldAu200all_106.root
EPAnaFulldAu200all_11.root
EPAnaFulldAu200all_12.root
EPAnaFulldAu200all_13.root
EPAnaFulldAu200all_14.root
EPAnaFulldAu200all_15.root
EPAnaFulldAu200all_16.root
EPAnaFulldAu200all_17.root
EPAnaFulldAu200all_18.root
EPAnaFulldAu200all_19.root
EPAnaFulldAu200all_2.root
EPAnaFulldAu200all_20.root
EPAnaFulldAu200all_21.root
EPAnaFulldAu200all_22.root
EPAnaFulldAu200all_23.root
EPAnaFulldAu200all_24.root
EPAnaFulldAu200all_25.root
EPAnaFulldAu200all_26.root
EPAnaFulldAu200all_27.root
EPAnaFulldAu200all_28.root
EPAnaFulldAu200all_29.root
EPAnaFulldAu200all_3.root
EPAnaFulldAu200all_30.root
EPAnaFulldAu200all_31.root
EPAnaFulldAu200all_32.root
EPAnaFulldAu200all_33.root
EPAnaFulldAu200all_34.root
EPAnaFulldAu200all_35.root
EPAnaFulldAu200all_36.root
EPAnaFulldAu200all_37.root
EPAnaFulldAu200all_38.root
EPAnaFulldAu200all_39.root
EPAnaFulldAu200all_4.root
EPAnaFulldAu200all_40.root
EPAnaFulldAu200all_41.root
EPAnaFulldAu200all_42.root
EPAnaFulldAu200all_43.root
EPAnaFulldAu200all_44.root
EPAnaFulldAu200all_45.root
EPAnaFulldAu200all_46.root
EPAnaFulldAu200all_47.root
EPAnaFulldAu200all_48.root
EPAnaFulldAu200all_49.root
EPAnaFulldAu200all_5.root
EPAnaFulldAu200all_50.root
EPAnaFulldAu200all_51.root
EPAnaFulldAu200all_52.root
EPAnaFulldAu200all_53.root
EPAnaFulldAu200all_54.root
EPAnaFulldAu200all_55.root
EPAnaFulldAu200all_56.root
EPAnaFulldAu200all_57.root
EPAnaFulldAu200all_58.root
EPAnaFulldAu200all_59.root
EPAnaFulldAu200all_6.root
EPAnaFulldAu200all_60.root
EPAnaFulldAu200all_61.root
EPAnaFulldAu200all_62.root
EPAnaFulldAu200all_63.root
EPAnaFulldAu200all_64.root
EPAnaFulldAu200all_65.root
EPAnaFulldAu200all_66.root
EPAnaFulldAu200all_67.root
EPAnaFulldAu200all_68.root
EPAnaFulldAu200all_69.root
EPAnaFulldAu200all_7.root
EPAnaFulldAu200all_70.root
EPAnaFulldAu200all_71.root
EPAnaFulldAu200all_72.root
EPAnaFulldAu200all_73.root
EPAnaFulldAu200all_74.root
EPAnaFulldAu200all_75.root
EPAnaFulldAu200all_76.root
EPAnaFulldAu200all_77.root
EPAnaFulldAu200all_78.root
EPAnaFulldAu200all_79.root
EPAnaFulldAu200all_8.root
EPAnaFulldAu200all_80.root
EPAnaFulldAu200all_81.root
EPAnaFulldAu200all_82.root
EPAnaFulldAu200all_83.root
EPAnaFulldAu200all_84.root
EPAnaFulldAu200all_85.root
EPAnaFulldAu200all_86.root
EPAnaFulldAu200all_87.root
EPAnaFulldAu200all_88.root
EPAnaFulldAu200all_89.root
EPAnaFulldAu200all_9.root
EPAnaFulldAu200all_90.root
EPAnaFulldAu200all_91.root
EPAnaFulldAu200all_92.root
EPAnaFulldAu200all_93.root
EPAnaFulldAu200all_94.root
EPAnaFulldAu200all_95.root
EPAnaFulldAu200all_96.root
EPAnaFulldAu200all_97.root
EPAnaFulldAu200all_98.root
EPAnaFulldAu200all_99.root
