EPAnaFulldAu200all_20percut_0.root
EPAnaFulldAu200all_20percut_1.root
EPAnaFulldAu200all_20percut_10.root
EPAnaFulldAu200all_20percut_100.root
EPAnaFulldAu200all_20percut_101.root
EPAnaFulldAu200all_20percut_102.root
EPAnaFulldAu200all_20percut_103.root
EPAnaFulldAu200all_20percut_104.root
EPAnaFulldAu200all_20percut_105.root
EPAnaFulldAu200all_20percut_106.root
EPAnaFulldAu200all_20percut_11.root
EPAnaFulldAu200all_20percut_12.root
EPAnaFulldAu200all_20percut_13.root
EPAnaFulldAu200all_20percut_14.root
EPAnaFulldAu200all_20percut_15.root
EPAnaFulldAu200all_20percut_16.root
EPAnaFulldAu200all_20percut_17.root
EPAnaFulldAu200all_20percut_18.root
EPAnaFulldAu200all_20percut_19.root
EPAnaFulldAu200all_20percut_2.root
EPAnaFulldAu200all_20percut_20.root
EPAnaFulldAu200all_20percut_21.root
EPAnaFulldAu200all_20percut_22.root
EPAnaFulldAu200all_20percut_23.root
EPAnaFulldAu200all_20percut_24.root
EPAnaFulldAu200all_20percut_25.root
EPAnaFulldAu200all_20percut_26.root
EPAnaFulldAu200all_20percut_27.root
EPAnaFulldAu200all_20percut_28.root
EPAnaFulldAu200all_20percut_29.root
EPAnaFulldAu200all_20percut_3.root
EPAnaFulldAu200all_20percut_30.root
EPAnaFulldAu200all_20percut_31.root
EPAnaFulldAu200all_20percut_32.root
EPAnaFulldAu200all_20percut_33.root
EPAnaFulldAu200all_20percut_34.root
EPAnaFulldAu200all_20percut_35.root
EPAnaFulldAu200all_20percut_36.root
EPAnaFulldAu200all_20percut_37.root
EPAnaFulldAu200all_20percut_38.root
EPAnaFulldAu200all_20percut_39.root
EPAnaFulldAu200all_20percut_4.root
EPAnaFulldAu200all_20percut_40.root
EPAnaFulldAu200all_20percut_41.root
EPAnaFulldAu200all_20percut_42.root
EPAnaFulldAu200all_20percut_43.root
EPAnaFulldAu200all_20percut_44.root
EPAnaFulldAu200all_20percut_45.root
EPAnaFulldAu200all_20percut_46.root
EPAnaFulldAu200all_20percut_47.root
EPAnaFulldAu200all_20percut_48.root
EPAnaFulldAu200all_20percut_49.root
EPAnaFulldAu200all_20percut_5.root
EPAnaFulldAu200all_20percut_50.root
EPAnaFulldAu200all_20percut_51.root
EPAnaFulldAu200all_20percut_52.root
EPAnaFulldAu200all_20percut_53.root
EPAnaFulldAu200all_20percut_54.root
EPAnaFulldAu200all_20percut_55.root
EPAnaFulldAu200all_20percut_56.root
EPAnaFulldAu200all_20percut_57.root
EPAnaFulldAu200all_20percut_58.root
EPAnaFulldAu200all_20percut_59.root
EPAnaFulldAu200all_20percut_6.root
EPAnaFulldAu200all_20percut_60.root
EPAnaFulldAu200all_20percut_61.root
EPAnaFulldAu200all_20percut_62.root
EPAnaFulldAu200all_20percut_63.root
EPAnaFulldAu200all_20percut_64.root
EPAnaFulldAu200all_20percut_65.root
EPAnaFulldAu200all_20percut_66.root
EPAnaFulldAu200all_20percut_67.root
EPAnaFulldAu200all_20percut_68.root
EPAnaFulldAu200all_20percut_69.root
EPAnaFulldAu200all_20percut_7.root
EPAnaFulldAu200all_20percut_70.root
EPAnaFulldAu200all_20percut_71.root
EPAnaFulldAu200all_20percut_72.root
EPAnaFulldAu200all_20percut_73.root
EPAnaFulldAu200all_20percut_74.root
EPAnaFulldAu200all_20percut_75.root
EPAnaFulldAu200all_20percut_76.root
EPAnaFulldAu200all_20percut_77.root
EPAnaFulldAu200all_20percut_78.root
EPAnaFulldAu200all_20percut_79.root
EPAnaFulldAu200all_20percut_8.root
EPAnaFulldAu200all_20percut_80.root
EPAnaFulldAu200all_20percut_81.root
EPAnaFulldAu200all_20percut_82.root
EPAnaFulldAu200all_20percut_83.root
EPAnaFulldAu200all_20percut_84.root
EPAnaFulldAu200all_20percut_85.root
EPAnaFulldAu200all_20percut_86.root
EPAnaFulldAu200all_20percut_87.root
EPAnaFulldAu200all_20percut_88.root
EPAnaFulldAu200all_20percut_89.root
EPAnaFulldAu200all_20percut_9.root
EPAnaFulldAu200all_20percut_90.root
EPAnaFulldAu200all_20percut_91.root
EPAnaFulldAu200all_20percut_92.root
EPAnaFulldAu200all_20percut_93.root
EPAnaFulldAu200all_20percut_94.root
EPAnaFulldAu200all_20percut_95.root
EPAnaFulldAu200all_20percut_96.root
EPAnaFulldAu200all_20percut_97.root
EPAnaFulldAu200all_20percut_98.root
EPAnaFulldAu200all_20percut_99.root
