output_EP_0.root
output_EP_1.root
output_EP_10.root
output_EP_100.root
output_EP_101.root
output_EP_102.root
output_EP_103.root
output_EP_104.root
output_EP_105.root
output_EP_106.root
output_EP_107.root
output_EP_108.root
output_EP_109.root
output_EP_11.root
output_EP_110.root
output_EP_111.root
output_EP_112.root
output_EP_113.root
output_EP_114.root
output_EP_115.root
output_EP_116.root
output_EP_117.root
output_EP_118.root
output_EP_119.root
output_EP_12.root
output_EP_120.root
output_EP_121.root
output_EP_122.root
output_EP_123.root
output_EP_124.root
output_EP_125.root
output_EP_126.root
output_EP_127.root
output_EP_128.root
output_EP_129.root
output_EP_13.root
output_EP_130.root
output_EP_131.root
output_EP_132.root
output_EP_133.root
output_EP_134.root
output_EP_135.root
output_EP_136.root
output_EP_137.root
output_EP_138.root
output_EP_139.root
output_EP_14.root
output_EP_140.root
output_EP_141.root
output_EP_142.root
output_EP_143.root
output_EP_144.root
output_EP_145.root
output_EP_146.root
output_EP_147.root
output_EP_148.root
output_EP_149.root
output_EP_15.root
output_EP_150.root
output_EP_151.root
output_EP_152.root
output_EP_153.root
output_EP_154.root
output_EP_155.root
output_EP_156.root
output_EP_157.root
output_EP_158.root
output_EP_159.root
output_EP_16.root
output_EP_160.root
output_EP_161.root
output_EP_162.root
output_EP_163.root
output_EP_164.root
output_EP_165.root
output_EP_166.root
output_EP_167.root
output_EP_168.root
output_EP_169.root
output_EP_17.root
output_EP_170.root
output_EP_171.root
output_EP_172.root
output_EP_173.root
output_EP_174.root
output_EP_175.root
output_EP_176.root
output_EP_177.root
output_EP_178.root
output_EP_179.root
output_EP_18.root
output_EP_180.root
output_EP_181.root
output_EP_182.root
output_EP_183.root
output_EP_184.root
output_EP_185.root
output_EP_186.root
output_EP_187.root
output_EP_188.root
output_EP_189.root
output_EP_19.root
output_EP_190.root
output_EP_191.root
output_EP_192.root
output_EP_193.root
output_EP_194.root
output_EP_195.root
output_EP_196.root
output_EP_197.root
output_EP_198.root
output_EP_199.root
output_EP_2.root
output_EP_20.root
output_EP_200.root
output_EP_201.root
output_EP_202.root
output_EP_203.root
output_EP_204.root
output_EP_205.root
output_EP_206.root
output_EP_207.root
output_EP_208.root
output_EP_209.root
output_EP_21.root
output_EP_210.root
output_EP_211.root
output_EP_212.root
output_EP_213.root
output_EP_214.root
output_EP_215.root
output_EP_216.root
output_EP_217.root
output_EP_218.root
output_EP_219.root
output_EP_22.root
output_EP_220.root
output_EP_221.root
output_EP_222.root
output_EP_223.root
output_EP_224.root
output_EP_225.root
output_EP_226.root
output_EP_227.root
output_EP_228.root
output_EP_229.root
output_EP_23.root
output_EP_230.root
output_EP_231.root
output_EP_232.root
output_EP_233.root
output_EP_234.root
output_EP_235.root
output_EP_236.root
output_EP_237.root
output_EP_238.root
output_EP_239.root
output_EP_24.root
output_EP_240.root
output_EP_241.root
output_EP_242.root
output_EP_243.root
output_EP_244.root
output_EP_245.root
output_EP_246.root
output_EP_247.root
output_EP_248.root
output_EP_249.root
output_EP_25.root
output_EP_250.root
output_EP_251.root
output_EP_252.root
output_EP_253.root
output_EP_254.root
output_EP_255.root
output_EP_256.root
output_EP_257.root
output_EP_258.root
output_EP_259.root
output_EP_26.root
output_EP_260.root
output_EP_261.root
output_EP_262.root
output_EP_263.root
output_EP_264.root
output_EP_265.root
output_EP_266.root
output_EP_267.root
output_EP_268.root
output_EP_269.root
output_EP_27.root
output_EP_270.root
output_EP_271.root
output_EP_272.root
output_EP_273.root
output_EP_274.root
output_EP_275.root
output_EP_276.root
output_EP_277.root
output_EP_278.root
output_EP_279.root
output_EP_28.root
output_EP_280.root
output_EP_281.root
output_EP_282.root
output_EP_283.root
output_EP_284.root
output_EP_285.root
output_EP_286.root
output_EP_287.root
output_EP_288.root
output_EP_289.root
output_EP_29.root
output_EP_290.root
output_EP_291.root
output_EP_292.root
output_EP_293.root
output_EP_294.root
output_EP_295.root
output_EP_296.root
output_EP_297.root
output_EP_298.root
output_EP_299.root
output_EP_3.root
output_EP_30.root
output_EP_300.root
output_EP_301.root
output_EP_302.root
output_EP_303.root
output_EP_304.root
output_EP_305.root
output_EP_306.root
output_EP_307.root
output_EP_308.root
output_EP_309.root
output_EP_31.root
output_EP_310.root
output_EP_311.root
output_EP_312.root
output_EP_313.root
output_EP_314.root
output_EP_315.root
output_EP_316.root
output_EP_317.root
output_EP_318.root
output_EP_319.root
output_EP_32.root
output_EP_320.root
output_EP_321.root
output_EP_322.root
output_EP_323.root
output_EP_324.root
output_EP_325.root
output_EP_326.root
output_EP_327.root
output_EP_328.root
output_EP_329.root
output_EP_33.root
output_EP_330.root
output_EP_331.root
output_EP_332.root
output_EP_333.root
output_EP_334.root
output_EP_335.root
output_EP_336.root
output_EP_337.root
output_EP_338.root
output_EP_339.root
output_EP_34.root
output_EP_340.root
output_EP_341.root
output_EP_342.root
output_EP_343.root
output_EP_344.root
output_EP_345.root
output_EP_346.root
output_EP_347.root
output_EP_348.root
output_EP_349.root
output_EP_35.root
output_EP_350.root
output_EP_351.root
output_EP_352.root
output_EP_353.root
output_EP_354.root
output_EP_355.root
output_EP_356.root
output_EP_357.root
output_EP_358.root
output_EP_359.root
output_EP_36.root
output_EP_360.root
output_EP_361.root
output_EP_362.root
output_EP_363.root
output_EP_364.root
output_EP_365.root
output_EP_366.root
output_EP_367.root
output_EP_368.root
output_EP_369.root
output_EP_37.root
output_EP_370.root
output_EP_371.root
output_EP_372.root
output_EP_373.root
output_EP_374.root
output_EP_375.root
output_EP_376.root
output_EP_377.root
output_EP_378.root
output_EP_379.root
output_EP_38.root
output_EP_380.root
output_EP_381.root
output_EP_382.root
output_EP_383.root
output_EP_384.root
output_EP_385.root
output_EP_386.root
output_EP_387.root
output_EP_388.root
output_EP_389.root
output_EP_39.root
output_EP_390.root
output_EP_391.root
output_EP_392.root
output_EP_393.root
output_EP_394.root
output_EP_395.root
output_EP_396.root
output_EP_397.root
output_EP_398.root
output_EP_399.root
output_EP_40.root
output_EP_400.root
output_EP_401.root
output_EP_402.root
output_EP_403.root
output_EP_404.root
output_EP_405.root
output_EP_406.root
output_EP_407.root
output_EP_408.root
output_EP_409.root
output_EP_41.root
output_EP_410.root
output_EP_411.root
output_EP_412.root
output_EP_413.root
output_EP_414.root
output_EP_415.root
output_EP_416.root
output_EP_417.root
output_EP_418.root
output_EP_419.root
output_EP_42.root
output_EP_420.root
output_EP_421.root
output_EP_422.root
output_EP_423.root
output_EP_424.root
output_EP_425.root
output_EP_426.root
output_EP_427.root
output_EP_428.root
output_EP_429.root
output_EP_43.root
output_EP_430.root
output_EP_431.root
output_EP_432.root
output_EP_433.root
output_EP_434.root
output_EP_435.root
output_EP_436.root
output_EP_437.root
output_EP_438.root
output_EP_439.root
output_EP_44.root
output_EP_440.root
output_EP_441.root
output_EP_442.root
output_EP_443.root
output_EP_444.root
output_EP_445.root
output_EP_446.root
output_EP_447.root
output_EP_448.root
output_EP_449.root
output_EP_45.root
output_EP_450.root
output_EP_451.root
output_EP_452.root
output_EP_453.root
output_EP_454.root
output_EP_455.root
output_EP_456.root
output_EP_457.root
output_EP_458.root
output_EP_459.root
output_EP_46.root
output_EP_460.root
output_EP_461.root
output_EP_462.root
output_EP_463.root
output_EP_464.root
output_EP_465.root
output_EP_466.root
output_EP_467.root
output_EP_468.root
output_EP_469.root
output_EP_47.root
output_EP_470.root
output_EP_471.root
output_EP_472.root
output_EP_473.root
output_EP_474.root
output_EP_475.root
output_EP_476.root
output_EP_477.root
output_EP_478.root
output_EP_479.root
output_EP_48.root
output_EP_480.root
output_EP_481.root
output_EP_482.root
output_EP_483.root
output_EP_484.root
output_EP_485.root
output_EP_486.root
output_EP_487.root
output_EP_488.root
output_EP_489.root
output_EP_49.root
output_EP_490.root
output_EP_491.root
output_EP_492.root
output_EP_493.root
output_EP_494.root
output_EP_495.root
output_EP_496.root
output_EP_497.root
output_EP_498.root
output_EP_499.root
output_EP_5.root
output_EP_50.root
output_EP_500.root
output_EP_501.root
output_EP_502.root
output_EP_503.root
output_EP_504.root
output_EP_505.root
output_EP_506.root
output_EP_507.root
output_EP_51.root
output_EP_52.root
output_EP_53.root
output_EP_54.root
output_EP_55.root
output_EP_56.root
output_EP_57.root
output_EP_58.root
output_EP_59.root
output_EP_6.root
output_EP_60.root
output_EP_61.root
output_EP_62.root
output_EP_63.root
output_EP_64.root
output_EP_65.root
output_EP_66.root
output_EP_67.root
output_EP_68.root
output_EP_69.root
output_EP_7.root
output_EP_70.root
output_EP_71.root
output_EP_72.root
output_EP_73.root
output_EP_74.root
output_EP_75.root
output_EP_76.root
output_EP_77.root
output_EP_78.root
output_EP_79.root
output_EP_8.root
output_EP_80.root
output_EP_81.root
output_EP_82.root
output_EP_83.root
output_EP_84.root
output_EP_85.root
output_EP_86.root
output_EP_87.root
output_EP_88.root
output_EP_89.root
output_EP_9.root
output_EP_90.root
output_EP_91.root
output_EP_92.root
output_EP_93.root
output_EP_94.root
output_EP_95.root
output_EP_96.root
output_EP_97.root
output_EP_98.root
output_EP_99.root
