EPAnaFulldAu20all_0.root
EPAnaFulldAu20all_1.root
EPAnaFulldAu20all_2.root
EPAnaFulldAu20all_3.root
EPAnaFulldAu20all_4.root
EPAnaFulldAu20all_5.root
EPAnaFulldAu20all_6.root
EPAnaFulldAu20all_7.root
EPAnaFulldAu20all_8.root
EPAnaFulldAu20all_9.root
EPAnaFulldAu20all_10.root
EPAnaFulldAu20all_11.root
EPAnaFulldAu20all_12.root
EPAnaFulldAu20all_13.root
EPAnaFulldAu20all_14.root
EPAnaFulldAu20all_15.root
EPAnaFulldAu20all_16.root
EPAnaFulldAu20all_17.root
EPAnaFulldAu20all_18.root
EPAnaFulldAu20all_19.root
EPAnaFulldAu20all_20.root
EPAnaFulldAu20all_21.root
EPAnaFulldAu20all_22.root
EPAnaFulldAu20all_23.root
EPAnaFulldAu20all_24.root
EPAnaFulldAu20all_25.root
EPAnaFulldAu20all_26.root
EPAnaFulldAu20all_27.root
EPAnaFulldAu20all_28.root
EPAnaFulldAu20all_29.root
EPAnaFulldAu20all_30.root
EPAnaFulldAu20all_31.root
EPAnaFulldAu20all_32.root
EPAnaFulldAu20all_33.root
EPAnaFulldAu20all_34.root
EPAnaFulldAu20all_35.root
EPAnaFulldAu20all_36.root
EPAnaFulldAu20all_37.root
EPAnaFulldAu20all_38.root
EPAnaFulldAu20all_39.root
EPAnaFulldAu20all_40.root
EPAnaFulldAu20all_41.root
EPAnaFulldAu20all_42.root
EPAnaFulldAu20all_43.root
EPAnaFulldAu20all_44.root
EPAnaFulldAu20all_45.root
EPAnaFulldAu20all_46.root
EPAnaFulldAu20all_47.root
EPAnaFulldAu20all_48.root
EPAnaFulldAu20all_49.root
EPAnaFulldAu20all_50.root
EPAnaFulldAu20all_51.root
EPAnaFulldAu20all_52.root
EPAnaFulldAu20all_53.root
EPAnaFulldAu20all_54.root
EPAnaFulldAu20all_55.root
EPAnaFulldAu20all_56.root
EPAnaFulldAu20all_57.root
EPAnaFulldAu20all_58.root
EPAnaFulldAu20all_59.root
EPAnaFulldAu20all_60.root
EPAnaFulldAu20all_61.root
EPAnaFulldAu20all_62.root
EPAnaFulldAu20all_63.root
EPAnaFulldAu20all_64.root
EPAnaFulldAu20all_65.root
EPAnaFulldAu20all_66.root
EPAnaFulldAu20all_67.root
EPAnaFulldAu20all_68.root
EPAnaFulldAu20all_69.root
EPAnaFulldAu20all_70.root
EPAnaFulldAu20all_71.root
EPAnaFulldAu20all_72.root
EPAnaFulldAu20all_73.root
EPAnaFulldAu20all_74.root
EPAnaFulldAu20all_75.root
EPAnaFulldAu20all_76.root
EPAnaFulldAu20all_77.root
EPAnaFulldAu20all_78.root
EPAnaFulldAu20all_79.root
