EPAnaFulldAu62all_rcut_0.root
EPAnaFulldAu62all_rcut_1.root
EPAnaFulldAu62all_rcut_2.root
EPAnaFulldAu62all_rcut_3.root
EPAnaFulldAu62all_rcut_4.root
EPAnaFulldAu62all_rcut_5.root
EPAnaFulldAu62all_rcut_6.root
EPAnaFulldAu62all_rcut_7.root
EPAnaFulldAu62all_rcut_8.root
EPAnaFulldAu62all_rcut_9.root
EPAnaFulldAu62all_rcut_10.root
EPAnaFulldAu62all_rcut_11.root
EPAnaFulldAu62all_rcut_12.root
EPAnaFulldAu62all_rcut_13.root
EPAnaFulldAu62all_rcut_14.root
EPAnaFulldAu62all_rcut_15.root
EPAnaFulldAu62all_rcut_16.root
EPAnaFulldAu62all_rcut_17.root
EPAnaFulldAu62all_rcut_18.root
EPAnaFulldAu62all_rcut_19.root
EPAnaFulldAu62all_rcut_20.root
EPAnaFulldAu62all_rcut_21.root
EPAnaFulldAu62all_rcut_22.root
EPAnaFulldAu62all_rcut_23.root
EPAnaFulldAu62all_rcut_24.root
EPAnaFulldAu62all_rcut_25.root
EPAnaFulldAu62all_rcut_26.root
EPAnaFulldAu62all_rcut_27.root
EPAnaFulldAu62all_rcut_28.root
EPAnaFulldAu62all_rcut_29.root
EPAnaFulldAu62all_rcut_30.root
EPAnaFulldAu62all_rcut_31.root
EPAnaFulldAu62all_rcut_32.root
EPAnaFulldAu62all_rcut_33.root
EPAnaFulldAu62all_rcut_34.root
EPAnaFulldAu62all_rcut_35.root
EPAnaFulldAu62all_rcut_36.root
EPAnaFulldAu62all_rcut_37.root
EPAnaFulldAu62all_rcut_38.root
EPAnaFulldAu62all_rcut_39.root
EPAnaFulldAu62all_rcut_40.root
EPAnaFulldAu62all_rcut_41.root
EPAnaFulldAu62all_rcut_42.root
EPAnaFulldAu62all_rcut_43.root
EPAnaFulldAu62all_rcut_44.root
EPAnaFulldAu62all_rcut_45.root
EPAnaFulldAu62all_rcut_46.root
EPAnaFulldAu62all_rcut_47.root
EPAnaFulldAu62all_rcut_48.root
EPAnaFulldAu62all_rcut_49.root
EPAnaFulldAu62all_rcut_50.root
EPAnaFulldAu62all_rcut_51.root
EPAnaFulldAu62all_rcut_52.root
EPAnaFulldAu62all_rcut_53.root
EPAnaFulldAu62all_rcut_54.root
EPAnaFulldAu62all_rcut_55.root
EPAnaFulldAu62all_rcut_56.root
EPAnaFulldAu62all_rcut_57.root
EPAnaFulldAu62all_rcut_58.root
EPAnaFulldAu62all_rcut_59.root
EPAnaFulldAu62all_rcut_60.root
EPAnaFulldAu62all_rcut_61.root
EPAnaFulldAu62all_rcut_62.root
EPAnaFulldAu62all_rcut_63.root
EPAnaFulldAu62all_rcut_64.root
EPAnaFulldAu62all_rcut_65.root
EPAnaFulldAu62all_rcut_66.root
EPAnaFulldAu62all_rcut_67.root
EPAnaFulldAu62all_rcut_68.root
EPAnaFulldAu62all_rcut_69.root
EPAnaFulldAu62all_rcut_70.root
EPAnaFulldAu62all_rcut_71.root
EPAnaFulldAu62all_rcut_72.root
EPAnaFulldAu62all_rcut_73.root
