output_EPfvtxtrk_0.root
output_EPfvtxtrk_1.root
output_EPfvtxtrk_10.root
output_EPfvtxtrk_100.root
output_EPfvtxtrk_101.root
output_EPfvtxtrk_102.root
output_EPfvtxtrk_103.root
output_EPfvtxtrk_104.root
output_EPfvtxtrk_105.root
output_EPfvtxtrk_106.root
output_EPfvtxtrk_107.root
output_EPfvtxtrk_108.root
output_EPfvtxtrk_109.root
output_EPfvtxtrk_11.root
output_EPfvtxtrk_110.root
output_EPfvtxtrk_111.root
output_EPfvtxtrk_112.root
output_EPfvtxtrk_113.root
output_EPfvtxtrk_114.root
output_EPfvtxtrk_115.root
output_EPfvtxtrk_116.root
output_EPfvtxtrk_117.root
output_EPfvtxtrk_118.root
output_EPfvtxtrk_119.root
output_EPfvtxtrk_12.root
output_EPfvtxtrk_120.root
output_EPfvtxtrk_121.root
output_EPfvtxtrk_122.root
output_EPfvtxtrk_123.root
output_EPfvtxtrk_124.root
output_EPfvtxtrk_125.root
output_EPfvtxtrk_126.root
output_EPfvtxtrk_127.root
output_EPfvtxtrk_128.root
output_EPfvtxtrk_129.root
output_EPfvtxtrk_13.root
output_EPfvtxtrk_130.root
output_EPfvtxtrk_131.root
output_EPfvtxtrk_132.root
output_EPfvtxtrk_133.root
output_EPfvtxtrk_134.root
output_EPfvtxtrk_135.root
output_EPfvtxtrk_136.root
output_EPfvtxtrk_137.root
output_EPfvtxtrk_138.root
output_EPfvtxtrk_139.root
output_EPfvtxtrk_14.root
output_EPfvtxtrk_140.root
output_EPfvtxtrk_141.root
output_EPfvtxtrk_142.root
output_EPfvtxtrk_143.root
output_EPfvtxtrk_144.root
output_EPfvtxtrk_145.root
output_EPfvtxtrk_146.root
output_EPfvtxtrk_147.root
output_EPfvtxtrk_148.root
output_EPfvtxtrk_149.root
output_EPfvtxtrk_15.root
output_EPfvtxtrk_150.root
output_EPfvtxtrk_151.root
output_EPfvtxtrk_152.root
output_EPfvtxtrk_153.root
output_EPfvtxtrk_154.root
output_EPfvtxtrk_155.root
output_EPfvtxtrk_156.root
output_EPfvtxtrk_157.root
output_EPfvtxtrk_158.root
output_EPfvtxtrk_159.root
output_EPfvtxtrk_16.root
output_EPfvtxtrk_160.root
output_EPfvtxtrk_161.root
output_EPfvtxtrk_162.root
output_EPfvtxtrk_163.root
output_EPfvtxtrk_164.root
output_EPfvtxtrk_165.root
output_EPfvtxtrk_166.root
output_EPfvtxtrk_167.root
output_EPfvtxtrk_168.root
output_EPfvtxtrk_169.root
output_EPfvtxtrk_17.root
output_EPfvtxtrk_170.root
output_EPfvtxtrk_171.root
output_EPfvtxtrk_172.root
output_EPfvtxtrk_173.root
output_EPfvtxtrk_174.root
output_EPfvtxtrk_175.root
output_EPfvtxtrk_176.root
output_EPfvtxtrk_177.root
output_EPfvtxtrk_178.root
output_EPfvtxtrk_179.root
output_EPfvtxtrk_18.root
output_EPfvtxtrk_180.root
output_EPfvtxtrk_181.root
output_EPfvtxtrk_182.root
output_EPfvtxtrk_183.root
output_EPfvtxtrk_184.root
output_EPfvtxtrk_185.root
output_EPfvtxtrk_186.root
output_EPfvtxtrk_187.root
output_EPfvtxtrk_188.root
output_EPfvtxtrk_189.root
output_EPfvtxtrk_19.root
output_EPfvtxtrk_190.root
output_EPfvtxtrk_191.root
output_EPfvtxtrk_192.root
output_EPfvtxtrk_193.root
output_EPfvtxtrk_194.root
output_EPfvtxtrk_195.root
output_EPfvtxtrk_196.root
output_EPfvtxtrk_197.root
output_EPfvtxtrk_198.root
output_EPfvtxtrk_199.root
output_EPfvtxtrk_2.root
output_EPfvtxtrk_20.root
output_EPfvtxtrk_200.root
output_EPfvtxtrk_201.root
output_EPfvtxtrk_202.root
output_EPfvtxtrk_203.root
output_EPfvtxtrk_204.root
output_EPfvtxtrk_205.root
output_EPfvtxtrk_206.root
output_EPfvtxtrk_207.root
output_EPfvtxtrk_208.root
output_EPfvtxtrk_209.root
output_EPfvtxtrk_21.root
output_EPfvtxtrk_210.root
output_EPfvtxtrk_211.root
output_EPfvtxtrk_212.root
output_EPfvtxtrk_213.root
output_EPfvtxtrk_214.root
output_EPfvtxtrk_215.root
output_EPfvtxtrk_216.root
output_EPfvtxtrk_217.root
output_EPfvtxtrk_218.root
output_EPfvtxtrk_219.root
output_EPfvtxtrk_22.root
output_EPfvtxtrk_220.root
output_EPfvtxtrk_221.root
output_EPfvtxtrk_222.root
output_EPfvtxtrk_223.root
output_EPfvtxtrk_224.root
output_EPfvtxtrk_225.root
output_EPfvtxtrk_226.root
output_EPfvtxtrk_227.root
output_EPfvtxtrk_228.root
output_EPfvtxtrk_229.root
output_EPfvtxtrk_23.root
output_EPfvtxtrk_230.root
output_EPfvtxtrk_231.root
output_EPfvtxtrk_232.root
output_EPfvtxtrk_233.root
output_EPfvtxtrk_234.root
output_EPfvtxtrk_235.root
output_EPfvtxtrk_236.root
output_EPfvtxtrk_237.root
output_EPfvtxtrk_238.root
output_EPfvtxtrk_239.root
output_EPfvtxtrk_24.root
output_EPfvtxtrk_240.root
output_EPfvtxtrk_241.root
output_EPfvtxtrk_242.root
output_EPfvtxtrk_243.root
output_EPfvtxtrk_244.root
output_EPfvtxtrk_245.root
output_EPfvtxtrk_246.root
output_EPfvtxtrk_247.root
output_EPfvtxtrk_248.root
output_EPfvtxtrk_249.root
output_EPfvtxtrk_25.root
output_EPfvtxtrk_250.root
output_EPfvtxtrk_251.root
output_EPfvtxtrk_252.root
output_EPfvtxtrk_253.root
output_EPfvtxtrk_254.root
output_EPfvtxtrk_255.root
output_EPfvtxtrk_256.root
output_EPfvtxtrk_257.root
output_EPfvtxtrk_258.root
output_EPfvtxtrk_259.root
output_EPfvtxtrk_26.root
output_EPfvtxtrk_260.root
output_EPfvtxtrk_261.root
output_EPfvtxtrk_262.root
output_EPfvtxtrk_263.root
output_EPfvtxtrk_264.root
output_EPfvtxtrk_265.root
output_EPfvtxtrk_266.root
output_EPfvtxtrk_267.root
output_EPfvtxtrk_268.root
output_EPfvtxtrk_269.root
output_EPfvtxtrk_27.root
output_EPfvtxtrk_270.root
output_EPfvtxtrk_271.root
output_EPfvtxtrk_272.root
output_EPfvtxtrk_273.root
output_EPfvtxtrk_274.root
output_EPfvtxtrk_275.root
output_EPfvtxtrk_276.root
output_EPfvtxtrk_277.root
output_EPfvtxtrk_278.root
output_EPfvtxtrk_279.root
output_EPfvtxtrk_28.root
output_EPfvtxtrk_280.root
output_EPfvtxtrk_281.root
output_EPfvtxtrk_282.root
output_EPfvtxtrk_283.root
output_EPfvtxtrk_284.root
output_EPfvtxtrk_285.root
output_EPfvtxtrk_286.root
output_EPfvtxtrk_287.root
output_EPfvtxtrk_288.root
output_EPfvtxtrk_289.root
output_EPfvtxtrk_29.root
output_EPfvtxtrk_290.root
output_EPfvtxtrk_291.root
output_EPfvtxtrk_292.root
output_EPfvtxtrk_293.root
output_EPfvtxtrk_294.root
output_EPfvtxtrk_295.root
output_EPfvtxtrk_296.root
output_EPfvtxtrk_297.root
output_EPfvtxtrk_298.root
output_EPfvtxtrk_299.root
output_EPfvtxtrk_3.root
output_EPfvtxtrk_30.root
output_EPfvtxtrk_300.root
output_EPfvtxtrk_301.root
output_EPfvtxtrk_302.root
output_EPfvtxtrk_303.root
output_EPfvtxtrk_304.root
output_EPfvtxtrk_305.root
output_EPfvtxtrk_306.root
output_EPfvtxtrk_307.root
output_EPfvtxtrk_308.root
output_EPfvtxtrk_309.root
output_EPfvtxtrk_31.root
output_EPfvtxtrk_310.root
output_EPfvtxtrk_311.root
output_EPfvtxtrk_312.root
output_EPfvtxtrk_313.root
output_EPfvtxtrk_314.root
output_EPfvtxtrk_315.root
output_EPfvtxtrk_316.root
output_EPfvtxtrk_317.root
output_EPfvtxtrk_318.root
output_EPfvtxtrk_319.root
output_EPfvtxtrk_32.root
output_EPfvtxtrk_320.root
output_EPfvtxtrk_321.root
output_EPfvtxtrk_322.root
output_EPfvtxtrk_323.root
output_EPfvtxtrk_324.root
output_EPfvtxtrk_325.root
output_EPfvtxtrk_326.root
output_EPfvtxtrk_327.root
output_EPfvtxtrk_328.root
output_EPfvtxtrk_329.root
output_EPfvtxtrk_33.root
output_EPfvtxtrk_330.root
output_EPfvtxtrk_331.root
output_EPfvtxtrk_332.root
output_EPfvtxtrk_333.root
output_EPfvtxtrk_334.root
output_EPfvtxtrk_335.root
output_EPfvtxtrk_336.root
output_EPfvtxtrk_337.root
output_EPfvtxtrk_338.root
output_EPfvtxtrk_339.root
output_EPfvtxtrk_34.root
output_EPfvtxtrk_340.root
output_EPfvtxtrk_341.root
output_EPfvtxtrk_342.root
output_EPfvtxtrk_343.root
output_EPfvtxtrk_344.root
output_EPfvtxtrk_345.root
output_EPfvtxtrk_346.root
output_EPfvtxtrk_347.root
output_EPfvtxtrk_348.root
output_EPfvtxtrk_349.root
output_EPfvtxtrk_35.root
output_EPfvtxtrk_350.root
output_EPfvtxtrk_351.root
output_EPfvtxtrk_352.root
output_EPfvtxtrk_353.root
output_EPfvtxtrk_354.root
output_EPfvtxtrk_355.root
output_EPfvtxtrk_356.root
output_EPfvtxtrk_357.root
output_EPfvtxtrk_358.root
output_EPfvtxtrk_359.root
output_EPfvtxtrk_36.root
output_EPfvtxtrk_360.root
output_EPfvtxtrk_361.root
output_EPfvtxtrk_362.root
output_EPfvtxtrk_363.root
output_EPfvtxtrk_364.root
output_EPfvtxtrk_365.root
output_EPfvtxtrk_366.root
output_EPfvtxtrk_367.root
output_EPfvtxtrk_368.root
output_EPfvtxtrk_369.root
output_EPfvtxtrk_37.root
output_EPfvtxtrk_370.root
output_EPfvtxtrk_371.root
output_EPfvtxtrk_372.root
output_EPfvtxtrk_373.root
output_EPfvtxtrk_374.root
output_EPfvtxtrk_375.root
output_EPfvtxtrk_376.root
output_EPfvtxtrk_377.root
output_EPfvtxtrk_378.root
output_EPfvtxtrk_379.root
output_EPfvtxtrk_38.root
output_EPfvtxtrk_380.root
output_EPfvtxtrk_381.root
output_EPfvtxtrk_382.root
output_EPfvtxtrk_383.root
output_EPfvtxtrk_384.root
output_EPfvtxtrk_385.root
output_EPfvtxtrk_386.root
output_EPfvtxtrk_387.root
output_EPfvtxtrk_388.root
output_EPfvtxtrk_389.root
output_EPfvtxtrk_39.root
output_EPfvtxtrk_390.root
output_EPfvtxtrk_391.root
output_EPfvtxtrk_392.root
output_EPfvtxtrk_393.root
output_EPfvtxtrk_394.root
output_EPfvtxtrk_395.root
output_EPfvtxtrk_396.root
output_EPfvtxtrk_397.root
output_EPfvtxtrk_398.root
output_EPfvtxtrk_399.root
output_EPfvtxtrk_4.root
output_EPfvtxtrk_40.root
output_EPfvtxtrk_400.root
output_EPfvtxtrk_401.root
output_EPfvtxtrk_402.root
output_EPfvtxtrk_403.root
output_EPfvtxtrk_404.root
output_EPfvtxtrk_405.root
output_EPfvtxtrk_406.root
output_EPfvtxtrk_407.root
output_EPfvtxtrk_408.root
output_EPfvtxtrk_409.root
output_EPfvtxtrk_41.root
output_EPfvtxtrk_410.root
output_EPfvtxtrk_411.root
output_EPfvtxtrk_412.root
output_EPfvtxtrk_413.root
output_EPfvtxtrk_414.root
output_EPfvtxtrk_415.root
output_EPfvtxtrk_416.root
output_EPfvtxtrk_417.root
output_EPfvtxtrk_418.root
output_EPfvtxtrk_419.root
output_EPfvtxtrk_42.root
output_EPfvtxtrk_420.root
output_EPfvtxtrk_421.root
output_EPfvtxtrk_422.root
output_EPfvtxtrk_423.root
output_EPfvtxtrk_424.root
output_EPfvtxtrk_425.root
output_EPfvtxtrk_426.root
output_EPfvtxtrk_427.root
output_EPfvtxtrk_428.root
output_EPfvtxtrk_429.root
output_EPfvtxtrk_43.root
output_EPfvtxtrk_430.root
output_EPfvtxtrk_431.root
output_EPfvtxtrk_432.root
output_EPfvtxtrk_433.root
output_EPfvtxtrk_434.root
output_EPfvtxtrk_435.root
output_EPfvtxtrk_436.root
output_EPfvtxtrk_437.root
output_EPfvtxtrk_438.root
output_EPfvtxtrk_439.root
output_EPfvtxtrk_44.root
output_EPfvtxtrk_440.root
output_EPfvtxtrk_441.root
output_EPfvtxtrk_442.root
output_EPfvtxtrk_443.root
output_EPfvtxtrk_444.root
output_EPfvtxtrk_445.root
output_EPfvtxtrk_446.root
output_EPfvtxtrk_447.root
output_EPfvtxtrk_448.root
output_EPfvtxtrk_449.root
output_EPfvtxtrk_45.root
output_EPfvtxtrk_450.root
output_EPfvtxtrk_451.root
output_EPfvtxtrk_452.root
output_EPfvtxtrk_453.root
output_EPfvtxtrk_454.root
output_EPfvtxtrk_455.root
output_EPfvtxtrk_456.root
output_EPfvtxtrk_457.root
output_EPfvtxtrk_458.root
output_EPfvtxtrk_459.root
output_EPfvtxtrk_46.root
output_EPfvtxtrk_460.root
output_EPfvtxtrk_461.root
output_EPfvtxtrk_462.root
output_EPfvtxtrk_463.root
output_EPfvtxtrk_464.root
output_EPfvtxtrk_465.root
output_EPfvtxtrk_466.root
output_EPfvtxtrk_467.root
output_EPfvtxtrk_468.root
output_EPfvtxtrk_469.root
output_EPfvtxtrk_47.root
output_EPfvtxtrk_470.root
output_EPfvtxtrk_471.root
output_EPfvtxtrk_472.root
output_EPfvtxtrk_473.root
output_EPfvtxtrk_474.root
output_EPfvtxtrk_475.root
output_EPfvtxtrk_476.root
output_EPfvtxtrk_477.root
output_EPfvtxtrk_478.root
output_EPfvtxtrk_479.root
output_EPfvtxtrk_48.root
output_EPfvtxtrk_480.root
output_EPfvtxtrk_481.root
output_EPfvtxtrk_482.root
output_EPfvtxtrk_483.root
output_EPfvtxtrk_484.root
output_EPfvtxtrk_485.root
output_EPfvtxtrk_486.root
output_EPfvtxtrk_487.root
output_EPfvtxtrk_488.root
output_EPfvtxtrk_489.root
output_EPfvtxtrk_49.root
output_EPfvtxtrk_490.root
output_EPfvtxtrk_491.root
output_EPfvtxtrk_492.root
output_EPfvtxtrk_493.root
output_EPfvtxtrk_494.root
output_EPfvtxtrk_495.root
output_EPfvtxtrk_496.root
output_EPfvtxtrk_497.root
output_EPfvtxtrk_498.root
output_EPfvtxtrk_499.root
output_EPfvtxtrk_5.root
output_EPfvtxtrk_50.root
output_EPfvtxtrk_500.root
output_EPfvtxtrk_501.root
output_EPfvtxtrk_502.root
output_EPfvtxtrk_503.root
output_EPfvtxtrk_504.root
output_EPfvtxtrk_505.root
output_EPfvtxtrk_506.root
output_EPfvtxtrk_507.root
output_EPfvtxtrk_508.root
output_EPfvtxtrk_509.root
output_EPfvtxtrk_51.root
output_EPfvtxtrk_510.root
output_EPfvtxtrk_511.root
output_EPfvtxtrk_512.root
output_EPfvtxtrk_513.root
output_EPfvtxtrk_514.root
output_EPfvtxtrk_515.root
output_EPfvtxtrk_516.root
output_EPfvtxtrk_517.root
output_EPfvtxtrk_518.root
output_EPfvtxtrk_519.root
output_EPfvtxtrk_52.root
output_EPfvtxtrk_520.root
output_EPfvtxtrk_521.root
output_EPfvtxtrk_522.root
output_EPfvtxtrk_523.root
output_EPfvtxtrk_524.root
output_EPfvtxtrk_525.root
output_EPfvtxtrk_526.root
output_EPfvtxtrk_527.root
output_EPfvtxtrk_528.root
output_EPfvtxtrk_529.root
output_EPfvtxtrk_53.root
output_EPfvtxtrk_530.root
output_EPfvtxtrk_531.root
output_EPfvtxtrk_532.root
output_EPfvtxtrk_533.root
output_EPfvtxtrk_534.root
output_EPfvtxtrk_535.root
output_EPfvtxtrk_536.root
output_EPfvtxtrk_537.root
output_EPfvtxtrk_538.root
output_EPfvtxtrk_539.root
output_EPfvtxtrk_54.root
output_EPfvtxtrk_540.root
output_EPfvtxtrk_541.root
output_EPfvtxtrk_542.root
output_EPfvtxtrk_543.root
output_EPfvtxtrk_544.root
output_EPfvtxtrk_545.root
output_EPfvtxtrk_546.root
output_EPfvtxtrk_547.root
output_EPfvtxtrk_548.root
output_EPfvtxtrk_549.root
output_EPfvtxtrk_55.root
output_EPfvtxtrk_550.root
output_EPfvtxtrk_551.root
output_EPfvtxtrk_552.root
output_EPfvtxtrk_553.root
output_EPfvtxtrk_554.root
output_EPfvtxtrk_555.root
output_EPfvtxtrk_556.root
output_EPfvtxtrk_557.root
output_EPfvtxtrk_558.root
output_EPfvtxtrk_559.root
output_EPfvtxtrk_56.root
output_EPfvtxtrk_560.root
output_EPfvtxtrk_561.root
output_EPfvtxtrk_562.root
output_EPfvtxtrk_563.root
output_EPfvtxtrk_564.root
output_EPfvtxtrk_565.root
output_EPfvtxtrk_57.root
output_EPfvtxtrk_58.root
output_EPfvtxtrk_59.root
output_EPfvtxtrk_6.root
output_EPfvtxtrk_60.root
output_EPfvtxtrk_61.root
output_EPfvtxtrk_62.root
output_EPfvtxtrk_63.root
output_EPfvtxtrk_64.root
output_EPfvtxtrk_65.root
output_EPfvtxtrk_66.root
output_EPfvtxtrk_67.root
output_EPfvtxtrk_68.root
output_EPfvtxtrk_69.root
output_EPfvtxtrk_7.root
output_EPfvtxtrk_70.root
output_EPfvtxtrk_71.root
output_EPfvtxtrk_72.root
output_EPfvtxtrk_73.root
output_EPfvtxtrk_74.root
output_EPfvtxtrk_75.root
output_EPfvtxtrk_76.root
output_EPfvtxtrk_77.root
output_EPfvtxtrk_78.root
output_EPfvtxtrk_79.root
output_EPfvtxtrk_8.root
output_EPfvtxtrk_80.root
output_EPfvtxtrk_81.root
output_EPfvtxtrk_82.root
output_EPfvtxtrk_83.root
output_EPfvtxtrk_84.root
output_EPfvtxtrk_85.root
output_EPfvtxtrk_86.root
output_EPfvtxtrk_87.root
output_EPfvtxtrk_88.root
output_EPfvtxtrk_89.root
output_EPfvtxtrk_9.root
output_EPfvtxtrk_90.root
output_EPfvtxtrk_91.root
output_EPfvtxtrk_92.root
output_EPfvtxtrk_93.root
output_EPfvtxtrk_94.root
output_EPfvtxtrk_95.root
output_EPfvtxtrk_96.root
output_EPfvtxtrk_97.root
output_EPfvtxtrk_98.root
output_EPfvtxtrk_99.root
