EPAnaFulldAu39all_0.root
EPAnaFulldAu39all_1.root
EPAnaFulldAu39all_2.root
EPAnaFulldAu39all_3.root
EPAnaFulldAu39all_4.root
EPAnaFulldAu39all_5.root
EPAnaFulldAu39all_6.root
EPAnaFulldAu39all_7.root
EPAnaFulldAu39all_8.root
EPAnaFulldAu39all_9.root
EPAnaFulldAu39all_10.root
EPAnaFulldAu39all_11.root
EPAnaFulldAu39all_12.root
EPAnaFulldAu39all_13.root
EPAnaFulldAu39all_14.root
EPAnaFulldAu39all_15.root
EPAnaFulldAu39all_16.root
EPAnaFulldAu39all_17.root
EPAnaFulldAu39all_18.root
EPAnaFulldAu39all_19.root
EPAnaFulldAu39all_20.root
EPAnaFulldAu39all_21.root
EPAnaFulldAu39all_22.root
EPAnaFulldAu39all_23.root
EPAnaFulldAu39all_24.root
EPAnaFulldAu39all_25.root
EPAnaFulldAu39all_26.root
EPAnaFulldAu39all_27.root
EPAnaFulldAu39all_28.root
EPAnaFulldAu39all_29.root
EPAnaFulldAu39all_30.root
EPAnaFulldAu39all_31.root
EPAnaFulldAu39all_32.root
EPAnaFulldAu39all_33.root
EPAnaFulldAu39all_34.root
EPAnaFulldAu39all_35.root
EPAnaFulldAu39all_36.root
EPAnaFulldAu39all_37.root
EPAnaFulldAu39all_38.root
EPAnaFulldAu39all_39.root
EPAnaFulldAu39all_40.root
EPAnaFulldAu39all_41.root
EPAnaFulldAu39all_42.root
EPAnaFulldAu39all_43.root
EPAnaFulldAu39all_44.root
EPAnaFulldAu39all_45.root
EPAnaFulldAu39all_46.root
EPAnaFulldAu39all_47.root
EPAnaFulldAu39all_48.root
EPAnaFulldAu39all_49.root
EPAnaFulldAu39all_50.root
EPAnaFulldAu39all_51.root
EPAnaFulldAu39all_52.root
EPAnaFulldAu39all_53.root
EPAnaFulldAu39all_54.root
EPAnaFulldAu39all_55.root
EPAnaFulldAu39all_56.root
EPAnaFulldAu39all_57.root
EPAnaFulldAu39all_58.root
EPAnaFulldAu39all_59.root
EPAnaFulldAu39all_60.root
EPAnaFulldAu39all_61.root
EPAnaFulldAu39all_62.root
EPAnaFulldAu39all_63.root
EPAnaFulldAu39all_64.root
EPAnaFulldAu39all_65.root
EPAnaFulldAu39all_66.root
EPAnaFulldAu39all_67.root
EPAnaFulldAu39all_68.root
EPAnaFulldAu39all_69.root
EPAnaFulldAu39all_70.root
EPAnaFulldAu39all_71.root
EPAnaFulldAu39all_72.root
EPAnaFulldAu39all_73.root
EPAnaFulldAu39all_74.root
EPAnaFulldAu39all_75.root
EPAnaFulldAu39all_76.root
EPAnaFulldAu39all_77.root
EPAnaFulldAu39all_78.root
EPAnaFulldAu39all_79.root
EPAnaFulldAu39all_80.root
EPAnaFulldAu39all_81.root
EPAnaFulldAu39all_82.root
EPAnaFulldAu39all_83.root
EPAnaFulldAu39all_84.root
EPAnaFulldAu39all_85.root
EPAnaFulldAu39all_86.root
EPAnaFulldAu39all_87.root
EPAnaFulldAu39all_88.root
EPAnaFulldAu39all_89.root
EPAnaFulldAu39all_90.root
EPAnaFulldAu39all_91.root
EPAnaFulldAu39all_92.root
EPAnaFulldAu39all_93.root
EPAnaFulldAu39all_94.root
EPAnaFulldAu39all_95.root
EPAnaFulldAu39all_96.root
EPAnaFulldAu39all_97.root
EPAnaFulldAu39all_98.root
EPAnaFulldAu39all_99.root
EPAnaFulldAu39all_100.root
EPAnaFulldAu39all_101.root
EPAnaFulldAu39all_102.root
EPAnaFulldAu39all_103.root
EPAnaFulldAu39all_104.root
EPAnaFulldAu39all_105.root
EPAnaFulldAu39all_106.root
EPAnaFulldAu39all_107.root
EPAnaFulldAu39all_108.root
