output_EP_0.root
output_EP_1.root
output_EP_10.root
output_EP_100.root
output_EP_1000.root
output_EP_1001.root
output_EP_1002.root
output_EP_1003.root
output_EP_1004.root
output_EP_1005.root
output_EP_1006.root
output_EP_1007.root
output_EP_1008.root
output_EP_1009.root
output_EP_101.root
output_EP_1010.root
output_EP_1011.root
output_EP_1012.root
output_EP_1013.root
output_EP_1014.root
output_EP_1015.root
output_EP_1016.root
output_EP_1017.root
output_EP_1018.root
output_EP_1019.root
output_EP_102.root
output_EP_1020.root
output_EP_1021.root
output_EP_1022.root
output_EP_1023.root
output_EP_1024.root
output_EP_1025.root
output_EP_1026.root
output_EP_1027.root
output_EP_1028.root
output_EP_1029.root
output_EP_103.root
output_EP_1030.root
output_EP_1031.root
output_EP_1032.root
output_EP_1033.root
output_EP_1034.root
output_EP_1035.root
output_EP_1036.root
output_EP_1037.root
output_EP_1038.root
output_EP_1039.root
output_EP_104.root
output_EP_1040.root
output_EP_1041.root
output_EP_1042.root
output_EP_1043.root
output_EP_1044.root
output_EP_1045.root
output_EP_1046.root
output_EP_1047.root
output_EP_1048.root
output_EP_1049.root
output_EP_105.root
output_EP_1050.root
output_EP_1051.root
output_EP_1052.root
output_EP_1053.root
output_EP_1054.root
output_EP_1055.root
output_EP_1056.root
output_EP_1057.root
output_EP_1058.root
output_EP_1059.root
output_EP_106.root
output_EP_1060.root
output_EP_1061.root
output_EP_1062.root
output_EP_1063.root
output_EP_1064.root
output_EP_1065.root
output_EP_1066.root
output_EP_1067.root
output_EP_1068.root
output_EP_1069.root
output_EP_107.root
output_EP_1070.root
output_EP_1071.root
output_EP_1072.root
output_EP_1073.root
output_EP_1074.root
output_EP_1075.root
output_EP_1076.root
output_EP_1077.root
output_EP_1078.root
output_EP_1079.root
output_EP_108.root
output_EP_1080.root
output_EP_1081.root
output_EP_1082.root
output_EP_1083.root
output_EP_1084.root
output_EP_1085.root
output_EP_1086.root
output_EP_1087.root
output_EP_1088.root
output_EP_1089.root
output_EP_109.root
output_EP_1090.root
output_EP_1091.root
output_EP_1092.root
output_EP_1093.root
output_EP_1094.root
output_EP_1095.root
output_EP_1096.root
output_EP_1097.root
output_EP_1098.root
output_EP_1099.root
output_EP_11.root
output_EP_110.root
output_EP_1100.root
output_EP_1101.root
output_EP_1102.root
output_EP_1103.root
output_EP_1104.root
output_EP_1105.root
output_EP_1106.root
output_EP_1107.root
output_EP_1108.root
output_EP_1109.root
output_EP_111.root
output_EP_1110.root
output_EP_1111.root
output_EP_1112.root
output_EP_1113.root
output_EP_1114.root
output_EP_1115.root
output_EP_1116.root
output_EP_1117.root
output_EP_1118.root
output_EP_1119.root
output_EP_112.root
output_EP_1120.root
output_EP_1121.root
output_EP_1122.root
output_EP_1123.root
output_EP_1124.root
output_EP_1125.root
output_EP_1126.root
output_EP_1127.root
output_EP_1128.root
output_EP_1129.root
output_EP_113.root
output_EP_1130.root
output_EP_1131.root
output_EP_1132.root
output_EP_1133.root
output_EP_1134.root
output_EP_1135.root
output_EP_1136.root
output_EP_1137.root
output_EP_1138.root
output_EP_1139.root
output_EP_114.root
output_EP_1140.root
output_EP_1141.root
output_EP_1142.root
output_EP_1143.root
output_EP_1144.root
output_EP_1145.root
output_EP_1146.root
output_EP_1147.root
output_EP_1148.root
output_EP_1149.root
output_EP_115.root
output_EP_1150.root
output_EP_1151.root
output_EP_1152.root
output_EP_1153.root
output_EP_1154.root
output_EP_1155.root
output_EP_1156.root
output_EP_1157.root
output_EP_1158.root
output_EP_1159.root
output_EP_116.root
output_EP_1160.root
output_EP_1161.root
output_EP_1162.root
output_EP_1163.root
output_EP_1164.root
output_EP_1165.root
output_EP_1166.root
output_EP_1167.root
output_EP_1168.root
output_EP_1169.root
output_EP_117.root
output_EP_1170.root
output_EP_1171.root
output_EP_1172.root
output_EP_1173.root
output_EP_1174.root
output_EP_1175.root
output_EP_1176.root
output_EP_1177.root
output_EP_1178.root
output_EP_1179.root
output_EP_118.root
output_EP_1180.root
output_EP_1181.root
output_EP_1182.root
output_EP_1183.root
output_EP_1184.root
output_EP_1185.root
output_EP_1186.root
output_EP_1187.root
output_EP_1188.root
output_EP_1189.root
output_EP_119.root
output_EP_1190.root
output_EP_1191.root
output_EP_1192.root
output_EP_1193.root
output_EP_1194.root
output_EP_1195.root
output_EP_1196.root
output_EP_1197.root
output_EP_1198.root
output_EP_1199.root
output_EP_12.root
output_EP_120.root
output_EP_1200.root
output_EP_1201.root
output_EP_1202.root
output_EP_1203.root
output_EP_1204.root
output_EP_1205.root
output_EP_1206.root
output_EP_1207.root
output_EP_1208.root
output_EP_1209.root
output_EP_121.root
output_EP_1210.root
output_EP_1211.root
output_EP_1212.root
output_EP_1213.root
output_EP_1214.root
output_EP_1215.root
output_EP_1216.root
output_EP_1217.root
output_EP_1218.root
output_EP_1219.root
output_EP_122.root
output_EP_1220.root
output_EP_1221.root
output_EP_1222.root
output_EP_1223.root
output_EP_1224.root
output_EP_1225.root
output_EP_1226.root
output_EP_1227.root
output_EP_1228.root
output_EP_1229.root
output_EP_123.root
output_EP_1230.root
output_EP_1231.root
output_EP_1232.root
output_EP_1233.root
output_EP_1234.root
output_EP_1235.root
output_EP_1236.root
output_EP_1237.root
output_EP_1238.root
output_EP_1239.root
output_EP_124.root
output_EP_1240.root
output_EP_1241.root
output_EP_1242.root
output_EP_1243.root
output_EP_1244.root
output_EP_1245.root
output_EP_1246.root
output_EP_1247.root
output_EP_1248.root
output_EP_1249.root
output_EP_125.root
output_EP_1250.root
output_EP_1251.root
output_EP_1252.root
output_EP_1253.root
output_EP_1254.root
output_EP_1255.root
output_EP_1256.root
output_EP_1257.root
output_EP_1258.root
output_EP_1259.root
output_EP_126.root
output_EP_1260.root
output_EP_1261.root
output_EP_1262.root
output_EP_1263.root
output_EP_1264.root
output_EP_1265.root
output_EP_1266.root
output_EP_1267.root
output_EP_1268.root
output_EP_1269.root
output_EP_127.root
output_EP_1270.root
output_EP_1271.root
output_EP_1272.root
output_EP_1273.root
output_EP_1274.root
output_EP_1275.root
output_EP_1276.root
output_EP_1277.root
output_EP_1278.root
output_EP_1279.root
output_EP_128.root
output_EP_1280.root
output_EP_1281.root
output_EP_1282.root
output_EP_1283.root
output_EP_1284.root
output_EP_1285.root
output_EP_1286.root
output_EP_1287.root
output_EP_1288.root
output_EP_1289.root
output_EP_129.root
output_EP_1290.root
output_EP_1291.root
output_EP_1292.root
output_EP_1293.root
output_EP_1294.root
output_EP_1295.root
output_EP_1296.root
output_EP_1297.root
output_EP_1298.root
output_EP_1299.root
output_EP_13.root
output_EP_130.root
output_EP_1300.root
output_EP_1301.root
output_EP_1302.root
output_EP_1303.root
output_EP_1304.root
output_EP_1305.root
output_EP_1306.root
output_EP_1307.root
output_EP_1308.root
output_EP_1309.root
output_EP_131.root
output_EP_1310.root
output_EP_1311.root
output_EP_1312.root
output_EP_1313.root
output_EP_1314.root
output_EP_1315.root
output_EP_1316.root
output_EP_1317.root
output_EP_1318.root
output_EP_1319.root
output_EP_132.root
output_EP_1320.root
output_EP_1321.root
output_EP_1322.root
output_EP_1323.root
output_EP_1324.root
output_EP_1325.root
output_EP_1326.root
output_EP_1327.root
output_EP_1328.root
output_EP_1329.root
output_EP_133.root
output_EP_1330.root
output_EP_1331.root
output_EP_1332.root
output_EP_1333.root
output_EP_1334.root
output_EP_1335.root
output_EP_1336.root
output_EP_1337.root
output_EP_1338.root
output_EP_1339.root
output_EP_134.root
output_EP_1340.root
output_EP_1341.root
output_EP_1342.root
output_EP_1343.root
output_EP_1344.root
output_EP_1345.root
output_EP_1346.root
output_EP_1347.root
output_EP_1348.root
output_EP_1349.root
output_EP_135.root
output_EP_1350.root
output_EP_1351.root
output_EP_1352.root
output_EP_1353.root
output_EP_1354.root
output_EP_1355.root
output_EP_1356.root
output_EP_1357.root
output_EP_1358.root
output_EP_1359.root
output_EP_136.root
output_EP_1360.root
output_EP_1361.root
output_EP_1362.root
output_EP_1363.root
output_EP_1364.root
output_EP_1365.root
output_EP_1366.root
output_EP_1367.root
output_EP_1368.root
output_EP_1369.root
output_EP_137.root
output_EP_1370.root
output_EP_1371.root
output_EP_1372.root
output_EP_1373.root
output_EP_1374.root
output_EP_1375.root
output_EP_1376.root
output_EP_1377.root
output_EP_1378.root
output_EP_1379.root
output_EP_138.root
output_EP_1380.root
output_EP_1381.root
output_EP_1382.root
output_EP_1383.root
output_EP_1384.root
output_EP_1385.root
output_EP_1386.root
output_EP_1387.root
output_EP_1388.root
output_EP_1389.root
output_EP_139.root
output_EP_1390.root
output_EP_1391.root
output_EP_1392.root
output_EP_1393.root
output_EP_1394.root
output_EP_1395.root
output_EP_1396.root
output_EP_1397.root
output_EP_1398.root
output_EP_1399.root
output_EP_14.root
output_EP_140.root
output_EP_1400.root
output_EP_1401.root
output_EP_1402.root
output_EP_1403.root
output_EP_1404.root
output_EP_1405.root
output_EP_1406.root
output_EP_1407.root
output_EP_1408.root
output_EP_1409.root
output_EP_141.root
output_EP_1410.root
output_EP_1411.root
output_EP_1412.root
output_EP_1413.root
output_EP_1414.root
output_EP_1415.root
output_EP_1416.root
output_EP_1417.root
output_EP_1418.root
output_EP_1419.root
output_EP_142.root
output_EP_1420.root
output_EP_1421.root
output_EP_1422.root
output_EP_1423.root
output_EP_1424.root
output_EP_1425.root
output_EP_1426.root
output_EP_1427.root
output_EP_1428.root
output_EP_1429.root
output_EP_143.root
output_EP_1430.root
output_EP_1431.root
output_EP_1432.root
output_EP_1433.root
output_EP_1434.root
output_EP_1435.root
output_EP_1436.root
output_EP_1437.root
output_EP_1438.root
output_EP_1439.root
output_EP_144.root
output_EP_1440.root
output_EP_1441.root
output_EP_1442.root
output_EP_1443.root
output_EP_1444.root
output_EP_1445.root
output_EP_1446.root
output_EP_1447.root
output_EP_1448.root
output_EP_1449.root
output_EP_145.root
output_EP_1450.root
output_EP_1451.root
output_EP_1452.root
output_EP_1453.root
output_EP_1454.root
output_EP_1455.root
output_EP_1456.root
output_EP_1457.root
output_EP_1458.root
output_EP_1459.root
output_EP_146.root
output_EP_1460.root
output_EP_1461.root
output_EP_1462.root
output_EP_1463.root
output_EP_1464.root
output_EP_1465.root
output_EP_1466.root
output_EP_1467.root
output_EP_1468.root
output_EP_1469.root
output_EP_147.root
output_EP_1470.root
output_EP_1471.root
output_EP_1472.root
output_EP_1473.root
output_EP_1474.root
output_EP_1475.root
output_EP_1476.root
output_EP_1477.root
output_EP_1478.root
output_EP_1479.root
output_EP_148.root
output_EP_1480.root
output_EP_1481.root
output_EP_1482.root
output_EP_1483.root
output_EP_1484.root
output_EP_1485.root
output_EP_1486.root
output_EP_1487.root
output_EP_1488.root
output_EP_1489.root
output_EP_149.root
output_EP_1490.root
output_EP_1491.root
output_EP_1492.root
output_EP_1493.root
output_EP_1494.root
output_EP_1495.root
output_EP_1496.root
output_EP_1497.root
output_EP_1498.root
output_EP_1499.root
output_EP_15.root
output_EP_150.root
output_EP_1500.root
output_EP_1501.root
output_EP_1502.root
output_EP_1503.root
output_EP_1504.root
output_EP_1505.root
output_EP_1506.root
output_EP_1507.root
output_EP_1508.root
output_EP_1509.root
output_EP_151.root
output_EP_1510.root
output_EP_1511.root
output_EP_1512.root
output_EP_1513.root
output_EP_1514.root
output_EP_1515.root
output_EP_1516.root
output_EP_1517.root
output_EP_1518.root
output_EP_1519.root
output_EP_152.root
output_EP_1520.root
output_EP_1521.root
output_EP_1522.root
output_EP_1523.root
output_EP_1524.root
output_EP_1525.root
output_EP_1526.root
output_EP_1527.root
output_EP_1528.root
output_EP_1529.root
output_EP_153.root
output_EP_1530.root
output_EP_1531.root
output_EP_1532.root
output_EP_1533.root
output_EP_1534.root
output_EP_1535.root
output_EP_1536.root
output_EP_1537.root
output_EP_1538.root
output_EP_1539.root
output_EP_154.root
output_EP_1540.root
output_EP_1541.root
output_EP_1542.root
output_EP_1543.root
output_EP_1544.root
output_EP_1545.root
output_EP_1546.root
output_EP_1547.root
output_EP_1548.root
output_EP_1549.root
output_EP_155.root
output_EP_1550.root
output_EP_1551.root
output_EP_1552.root
output_EP_1553.root
output_EP_1554.root
output_EP_1555.root
output_EP_1556.root
output_EP_1557.root
output_EP_1558.root
output_EP_1559.root
output_EP_156.root
output_EP_1560.root
output_EP_1561.root
output_EP_1562.root
output_EP_1563.root
output_EP_1564.root
output_EP_1565.root
output_EP_1566.root
output_EP_1567.root
output_EP_1568.root
output_EP_1569.root
output_EP_157.root
output_EP_1570.root
output_EP_1571.root
output_EP_1572.root
output_EP_1573.root
output_EP_1574.root
output_EP_1575.root
output_EP_1576.root
output_EP_1577.root
output_EP_1578.root
output_EP_1579.root
output_EP_158.root
output_EP_1580.root
output_EP_1581.root
output_EP_1582.root
output_EP_1583.root
output_EP_1584.root
output_EP_1585.root
output_EP_1586.root
output_EP_1587.root
output_EP_1588.root
output_EP_1589.root
output_EP_159.root
output_EP_1590.root
output_EP_1591.root
output_EP_1592.root
output_EP_1593.root
output_EP_1594.root
output_EP_1595.root
output_EP_1596.root
output_EP_1597.root
output_EP_1598.root
output_EP_1599.root
output_EP_16.root
output_EP_160.root
output_EP_1600.root
output_EP_1601.root
output_EP_1602.root
output_EP_1603.root
output_EP_1604.root
output_EP_1605.root
output_EP_1606.root
output_EP_1607.root
output_EP_1608.root
output_EP_1609.root
output_EP_161.root
output_EP_1610.root
output_EP_1611.root
output_EP_1612.root
output_EP_1613.root
output_EP_1614.root
output_EP_1615.root
output_EP_1616.root
output_EP_1617.root
output_EP_1618.root
output_EP_1619.root
output_EP_162.root
output_EP_1620.root
output_EP_1621.root
output_EP_1622.root
output_EP_1623.root
output_EP_1624.root
output_EP_1625.root
output_EP_1626.root
output_EP_1627.root
output_EP_1628.root
output_EP_1629.root
output_EP_163.root
output_EP_1630.root
output_EP_1631.root
output_EP_1632.root
output_EP_1633.root
output_EP_1634.root
output_EP_1635.root
output_EP_1636.root
output_EP_1637.root
output_EP_1638.root
output_EP_1639.root
output_EP_164.root
output_EP_1640.root
output_EP_1641.root
output_EP_1642.root
output_EP_1643.root
output_EP_1644.root
output_EP_1645.root
output_EP_1646.root
output_EP_1647.root
output_EP_1648.root
output_EP_1649.root
output_EP_165.root
output_EP_1650.root
output_EP_1651.root
output_EP_1652.root
output_EP_1653.root
output_EP_1654.root
output_EP_1655.root
output_EP_1656.root
output_EP_1657.root
output_EP_1658.root
output_EP_1659.root
output_EP_166.root
output_EP_1660.root
output_EP_1661.root
output_EP_1662.root
output_EP_1663.root
output_EP_1664.root
output_EP_1665.root
output_EP_1666.root
output_EP_1667.root
output_EP_1668.root
output_EP_1669.root
output_EP_167.root
output_EP_1670.root
output_EP_1671.root
output_EP_1672.root
output_EP_1673.root
output_EP_1674.root
output_EP_1675.root
output_EP_1676.root
output_EP_1677.root
output_EP_1678.root
output_EP_1679.root
output_EP_168.root
output_EP_1680.root
output_EP_1681.root
output_EP_1682.root
output_EP_1683.root
output_EP_1684.root
output_EP_1685.root
output_EP_1686.root
output_EP_1687.root
output_EP_1688.root
output_EP_1689.root
output_EP_169.root
output_EP_1690.root
output_EP_1691.root
output_EP_1692.root
output_EP_1693.root
output_EP_1694.root
output_EP_1695.root
output_EP_17.root
output_EP_170.root
output_EP_171.root
output_EP_172.root
output_EP_173.root
output_EP_174.root
output_EP_175.root
output_EP_176.root
output_EP_177.root
output_EP_178.root
output_EP_179.root
output_EP_18.root
output_EP_180.root
output_EP_181.root
output_EP_182.root
output_EP_183.root
output_EP_184.root
output_EP_185.root
output_EP_186.root
output_EP_187.root
output_EP_188.root
output_EP_189.root
output_EP_19.root
output_EP_190.root
output_EP_191.root
output_EP_192.root
output_EP_193.root
output_EP_194.root
output_EP_195.root
output_EP_196.root
output_EP_197.root
output_EP_198.root
output_EP_199.root
output_EP_2.root
output_EP_20.root
output_EP_200.root
output_EP_201.root
output_EP_202.root
output_EP_203.root
output_EP_204.root
output_EP_205.root
output_EP_206.root
output_EP_207.root
output_EP_208.root
output_EP_209.root
output_EP_21.root
output_EP_210.root
output_EP_211.root
output_EP_212.root
output_EP_213.root
output_EP_214.root
output_EP_215.root
output_EP_216.root
output_EP_217.root
output_EP_218.root
output_EP_219.root
output_EP_22.root
output_EP_220.root
output_EP_221.root
output_EP_222.root
output_EP_223.root
output_EP_224.root
output_EP_225.root
output_EP_226.root
output_EP_227.root
output_EP_228.root
output_EP_229.root
output_EP_23.root
output_EP_230.root
output_EP_231.root
output_EP_232.root
output_EP_233.root
output_EP_234.root
output_EP_235.root
output_EP_236.root
output_EP_237.root
output_EP_238.root
output_EP_239.root
output_EP_24.root
output_EP_240.root
output_EP_241.root
output_EP_242.root
output_EP_243.root
output_EP_244.root
output_EP_245.root
output_EP_246.root
output_EP_247.root
output_EP_248.root
output_EP_249.root
output_EP_25.root
output_EP_250.root
output_EP_251.root
output_EP_252.root
output_EP_253.root
output_EP_254.root
output_EP_255.root
output_EP_256.root
output_EP_257.root
output_EP_258.root
output_EP_259.root
output_EP_26.root
output_EP_260.root
output_EP_261.root
output_EP_262.root
output_EP_263.root
output_EP_264.root
output_EP_265.root
output_EP_266.root
output_EP_267.root
output_EP_268.root
output_EP_269.root
output_EP_27.root
output_EP_270.root
output_EP_271.root
output_EP_272.root
output_EP_273.root
output_EP_274.root
output_EP_275.root
output_EP_276.root
output_EP_277.root
output_EP_278.root
output_EP_279.root
output_EP_28.root
output_EP_280.root
output_EP_281.root
output_EP_282.root
output_EP_283.root
output_EP_284.root
output_EP_285.root
output_EP_286.root
output_EP_287.root
output_EP_288.root
output_EP_289.root
output_EP_29.root
output_EP_290.root
output_EP_291.root
output_EP_292.root
output_EP_293.root
output_EP_294.root
output_EP_295.root
output_EP_296.root
output_EP_297.root
output_EP_298.root
output_EP_299.root
output_EP_3.root
output_EP_30.root
output_EP_300.root
output_EP_301.root
output_EP_302.root
output_EP_303.root
output_EP_304.root
output_EP_305.root
output_EP_306.root
output_EP_307.root
output_EP_308.root
output_EP_309.root
output_EP_31.root
output_EP_310.root
output_EP_311.root
output_EP_312.root
output_EP_313.root
output_EP_314.root
output_EP_315.root
output_EP_316.root
output_EP_317.root
output_EP_318.root
output_EP_319.root
output_EP_32.root
output_EP_320.root
output_EP_321.root
output_EP_322.root
output_EP_323.root
output_EP_324.root
output_EP_325.root
output_EP_326.root
output_EP_327.root
output_EP_328.root
output_EP_329.root
output_EP_33.root
output_EP_330.root
output_EP_331.root
output_EP_332.root
output_EP_333.root
output_EP_334.root
output_EP_335.root
output_EP_336.root
output_EP_337.root
output_EP_338.root
output_EP_339.root
output_EP_34.root
output_EP_340.root
output_EP_341.root
output_EP_342.root
output_EP_343.root
output_EP_344.root
output_EP_345.root
output_EP_346.root
output_EP_347.root
output_EP_348.root
output_EP_349.root
output_EP_35.root
output_EP_350.root
output_EP_351.root
output_EP_352.root
output_EP_353.root
output_EP_354.root
output_EP_355.root
output_EP_356.root
output_EP_357.root
output_EP_358.root
output_EP_359.root
output_EP_36.root
output_EP_360.root
output_EP_361.root
output_EP_362.root
output_EP_363.root
output_EP_364.root
output_EP_365.root
output_EP_366.root
output_EP_367.root
output_EP_368.root
output_EP_369.root
output_EP_37.root
output_EP_370.root
output_EP_371.root
output_EP_372.root
output_EP_373.root
output_EP_374.root
output_EP_375.root
output_EP_376.root
output_EP_377.root
output_EP_378.root
output_EP_379.root
output_EP_38.root
output_EP_380.root
output_EP_381.root
output_EP_382.root
output_EP_383.root
output_EP_384.root
output_EP_385.root
output_EP_386.root
output_EP_387.root
output_EP_388.root
output_EP_389.root
output_EP_39.root
output_EP_390.root
output_EP_391.root
output_EP_392.root
output_EP_393.root
output_EP_394.root
output_EP_395.root
output_EP_396.root
output_EP_397.root
output_EP_398.root
output_EP_399.root
output_EP_4.root
output_EP_40.root
output_EP_400.root
output_EP_401.root
output_EP_402.root
output_EP_403.root
output_EP_404.root
output_EP_405.root
output_EP_406.root
output_EP_407.root
output_EP_408.root
output_EP_409.root
output_EP_41.root
output_EP_410.root
output_EP_411.root
output_EP_412.root
output_EP_413.root
output_EP_414.root
output_EP_415.root
output_EP_416.root
output_EP_417.root
output_EP_418.root
output_EP_419.root
output_EP_42.root
output_EP_420.root
output_EP_421.root
output_EP_422.root
output_EP_423.root
output_EP_424.root
output_EP_425.root
output_EP_426.root
output_EP_427.root
output_EP_428.root
output_EP_429.root
output_EP_43.root
output_EP_430.root
output_EP_431.root
output_EP_432.root
output_EP_433.root
output_EP_434.root
output_EP_435.root
output_EP_436.root
output_EP_437.root
output_EP_438.root
output_EP_439.root
output_EP_44.root
output_EP_440.root
output_EP_441.root
output_EP_442.root
output_EP_443.root
output_EP_444.root
output_EP_445.root
output_EP_446.root
output_EP_447.root
output_EP_448.root
output_EP_449.root
output_EP_45.root
output_EP_450.root
output_EP_451.root
output_EP_452.root
output_EP_453.root
output_EP_454.root
output_EP_455.root
output_EP_456.root
output_EP_457.root
output_EP_458.root
output_EP_459.root
output_EP_46.root
output_EP_460.root
output_EP_461.root
output_EP_462.root
output_EP_463.root
output_EP_464.root
output_EP_465.root
output_EP_466.root
output_EP_467.root
output_EP_468.root
output_EP_469.root
output_EP_47.root
output_EP_470.root
output_EP_471.root
output_EP_472.root
output_EP_473.root
output_EP_474.root
output_EP_475.root
output_EP_476.root
output_EP_477.root
output_EP_478.root
output_EP_479.root
output_EP_48.root
output_EP_480.root
output_EP_481.root
output_EP_482.root
output_EP_483.root
output_EP_484.root
output_EP_485.root
output_EP_486.root
output_EP_487.root
output_EP_488.root
output_EP_489.root
output_EP_49.root
output_EP_490.root
output_EP_491.root
output_EP_492.root
output_EP_493.root
output_EP_494.root
output_EP_495.root
output_EP_496.root
output_EP_497.root
output_EP_498.root
output_EP_499.root
output_EP_5.root
output_EP_50.root
output_EP_500.root
output_EP_501.root
output_EP_502.root
output_EP_503.root
output_EP_504.root
output_EP_505.root
output_EP_506.root
output_EP_507.root
output_EP_508.root
output_EP_509.root
output_EP_51.root
output_EP_510.root
output_EP_511.root
output_EP_512.root
output_EP_513.root
output_EP_514.root
output_EP_515.root
output_EP_516.root
output_EP_517.root
output_EP_518.root
output_EP_519.root
output_EP_52.root
output_EP_520.root
output_EP_521.root
output_EP_522.root
output_EP_523.root
output_EP_524.root
output_EP_525.root
output_EP_526.root
output_EP_527.root
output_EP_528.root
output_EP_529.root
output_EP_53.root
output_EP_530.root
output_EP_531.root
output_EP_532.root
output_EP_533.root
output_EP_534.root
output_EP_535.root
output_EP_536.root
output_EP_537.root
output_EP_538.root
output_EP_539.root
output_EP_54.root
output_EP_540.root
output_EP_541.root
output_EP_542.root
output_EP_543.root
output_EP_544.root
output_EP_545.root
output_EP_546.root
output_EP_547.root
output_EP_548.root
output_EP_549.root
output_EP_55.root
output_EP_550.root
output_EP_551.root
output_EP_552.root
output_EP_553.root
output_EP_554.root
output_EP_555.root
output_EP_556.root
output_EP_557.root
output_EP_558.root
output_EP_559.root
output_EP_56.root
output_EP_560.root
output_EP_561.root
output_EP_562.root
output_EP_563.root
output_EP_564.root
output_EP_565.root
output_EP_566.root
output_EP_567.root
output_EP_568.root
output_EP_569.root
output_EP_57.root
output_EP_570.root
output_EP_571.root
output_EP_572.root
output_EP_573.root
output_EP_574.root
output_EP_575.root
output_EP_576.root
output_EP_577.root
output_EP_578.root
output_EP_579.root
output_EP_58.root
output_EP_580.root
output_EP_581.root
output_EP_582.root
output_EP_583.root
output_EP_584.root
output_EP_585.root
output_EP_586.root
output_EP_587.root
output_EP_588.root
output_EP_589.root
output_EP_59.root
output_EP_590.root
output_EP_591.root
output_EP_592.root
output_EP_593.root
output_EP_594.root
output_EP_595.root
output_EP_596.root
output_EP_597.root
output_EP_598.root
output_EP_599.root
output_EP_6.root
output_EP_60.root
output_EP_600.root
output_EP_601.root
output_EP_602.root
output_EP_603.root
output_EP_604.root
output_EP_605.root
output_EP_606.root
output_EP_607.root
output_EP_608.root
output_EP_609.root
output_EP_61.root
output_EP_610.root
output_EP_611.root
output_EP_612.root
output_EP_613.root
output_EP_614.root
output_EP_615.root
output_EP_616.root
output_EP_617.root
output_EP_618.root
output_EP_619.root
output_EP_62.root
output_EP_620.root
output_EP_621.root
output_EP_622.root
output_EP_623.root
output_EP_624.root
output_EP_625.root
output_EP_626.root
output_EP_627.root
output_EP_628.root
output_EP_629.root
output_EP_63.root
output_EP_630.root
output_EP_631.root
output_EP_632.root
output_EP_633.root
output_EP_634.root
output_EP_635.root
output_EP_636.root
output_EP_637.root
output_EP_638.root
output_EP_639.root
output_EP_64.root
output_EP_640.root
output_EP_641.root
output_EP_642.root
output_EP_643.root
output_EP_644.root
output_EP_645.root
output_EP_646.root
output_EP_647.root
output_EP_648.root
output_EP_649.root
output_EP_65.root
output_EP_650.root
output_EP_651.root
output_EP_652.root
output_EP_653.root
output_EP_654.root
output_EP_655.root
output_EP_656.root
output_EP_657.root
output_EP_658.root
output_EP_659.root
output_EP_66.root
output_EP_660.root
output_EP_661.root
output_EP_662.root
output_EP_663.root
output_EP_664.root
output_EP_665.root
output_EP_666.root
output_EP_667.root
output_EP_668.root
output_EP_669.root
output_EP_67.root
output_EP_670.root
output_EP_671.root
output_EP_672.root
output_EP_673.root
output_EP_674.root
output_EP_675.root
output_EP_676.root
output_EP_677.root
output_EP_678.root
output_EP_679.root
output_EP_68.root
output_EP_680.root
output_EP_681.root
output_EP_682.root
output_EP_683.root
output_EP_684.root
output_EP_685.root
output_EP_686.root
output_EP_687.root
output_EP_688.root
output_EP_689.root
output_EP_69.root
output_EP_690.root
output_EP_691.root
output_EP_692.root
output_EP_693.root
output_EP_694.root
output_EP_695.root
output_EP_696.root
output_EP_697.root
output_EP_698.root
output_EP_699.root
output_EP_7.root
output_EP_70.root
output_EP_700.root
output_EP_701.root
output_EP_702.root
output_EP_703.root
output_EP_704.root
output_EP_705.root
output_EP_706.root
output_EP_707.root
output_EP_708.root
output_EP_709.root
output_EP_71.root
output_EP_710.root
output_EP_711.root
output_EP_712.root
output_EP_713.root
output_EP_714.root
output_EP_715.root
output_EP_716.root
output_EP_717.root
output_EP_718.root
output_EP_719.root
output_EP_72.root
output_EP_720.root
output_EP_721.root
output_EP_722.root
output_EP_723.root
output_EP_724.root
output_EP_725.root
output_EP_726.root
output_EP_727.root
output_EP_728.root
output_EP_729.root
output_EP_73.root
output_EP_730.root
output_EP_731.root
output_EP_732.root
output_EP_733.root
output_EP_734.root
output_EP_735.root
output_EP_736.root
output_EP_737.root
output_EP_738.root
output_EP_739.root
output_EP_74.root
output_EP_740.root
output_EP_741.root
output_EP_742.root
output_EP_743.root
output_EP_744.root
output_EP_745.root
output_EP_746.root
output_EP_747.root
output_EP_748.root
output_EP_749.root
output_EP_75.root
output_EP_750.root
output_EP_751.root
output_EP_752.root
output_EP_753.root
output_EP_754.root
output_EP_755.root
output_EP_756.root
output_EP_757.root
output_EP_758.root
output_EP_759.root
output_EP_76.root
output_EP_760.root
output_EP_761.root
output_EP_762.root
output_EP_763.root
output_EP_764.root
output_EP_765.root
output_EP_766.root
output_EP_767.root
output_EP_768.root
output_EP_769.root
output_EP_77.root
output_EP_770.root
output_EP_771.root
output_EP_772.root
output_EP_773.root
output_EP_774.root
output_EP_775.root
output_EP_776.root
output_EP_777.root
output_EP_778.root
output_EP_779.root
output_EP_78.root
output_EP_780.root
output_EP_781.root
output_EP_782.root
output_EP_783.root
output_EP_784.root
output_EP_785.root
output_EP_786.root
output_EP_787.root
output_EP_788.root
output_EP_789.root
output_EP_79.root
output_EP_790.root
output_EP_791.root
output_EP_792.root
output_EP_793.root
output_EP_794.root
output_EP_795.root
output_EP_796.root
output_EP_797.root
output_EP_798.root
output_EP_799.root
output_EP_8.root
output_EP_80.root
output_EP_800.root
output_EP_801.root
output_EP_802.root
output_EP_803.root
output_EP_804.root
output_EP_805.root
output_EP_806.root
output_EP_807.root
output_EP_808.root
output_EP_809.root
output_EP_81.root
output_EP_810.root
output_EP_811.root
output_EP_812.root
output_EP_813.root
output_EP_814.root
output_EP_815.root
output_EP_816.root
output_EP_817.root
output_EP_818.root
output_EP_819.root
output_EP_82.root
output_EP_820.root
output_EP_821.root
output_EP_822.root
output_EP_823.root
output_EP_824.root
output_EP_825.root
output_EP_826.root
output_EP_827.root
output_EP_828.root
output_EP_829.root
output_EP_83.root
output_EP_830.root
output_EP_831.root
output_EP_832.root
output_EP_833.root
output_EP_834.root
output_EP_835.root
output_EP_836.root
output_EP_837.root
output_EP_838.root
output_EP_839.root
output_EP_84.root
output_EP_840.root
output_EP_841.root
output_EP_842.root
output_EP_843.root
output_EP_844.root
output_EP_845.root
output_EP_846.root
output_EP_847.root
output_EP_848.root
output_EP_849.root
output_EP_85.root
output_EP_850.root
output_EP_851.root
output_EP_852.root
output_EP_853.root
output_EP_854.root
output_EP_855.root
output_EP_856.root
output_EP_857.root
output_EP_858.root
output_EP_859.root
output_EP_86.root
output_EP_860.root
output_EP_861.root
output_EP_862.root
output_EP_863.root
output_EP_864.root
output_EP_865.root
output_EP_866.root
output_EP_867.root
output_EP_868.root
output_EP_869.root
output_EP_87.root
output_EP_870.root
output_EP_871.root
output_EP_872.root
output_EP_873.root
output_EP_874.root
output_EP_875.root
output_EP_876.root
output_EP_877.root
output_EP_878.root
output_EP_879.root
output_EP_88.root
output_EP_880.root
output_EP_881.root
output_EP_882.root
output_EP_883.root
output_EP_884.root
output_EP_885.root
output_EP_886.root
output_EP_887.root
output_EP_888.root
output_EP_889.root
output_EP_89.root
output_EP_890.root
output_EP_891.root
output_EP_892.root
output_EP_893.root
output_EP_894.root
output_EP_895.root
output_EP_896.root
output_EP_897.root
output_EP_898.root
output_EP_899.root
output_EP_9.root
output_EP_90.root
output_EP_900.root
output_EP_901.root
output_EP_902.root
output_EP_903.root
output_EP_904.root
output_EP_905.root
output_EP_906.root
output_EP_907.root
output_EP_908.root
output_EP_909.root
output_EP_91.root
output_EP_910.root
output_EP_911.root
output_EP_912.root
output_EP_913.root
output_EP_914.root
output_EP_915.root
output_EP_916.root
output_EP_917.root
output_EP_918.root
output_EP_919.root
output_EP_92.root
output_EP_920.root
output_EP_921.root
output_EP_922.root
output_EP_923.root
output_EP_924.root
output_EP_925.root
output_EP_926.root
output_EP_927.root
output_EP_928.root
output_EP_929.root
output_EP_93.root
output_EP_930.root
output_EP_931.root
output_EP_932.root
output_EP_933.root
output_EP_934.root
output_EP_935.root
output_EP_936.root
output_EP_937.root
output_EP_938.root
output_EP_939.root
output_EP_94.root
output_EP_940.root
output_EP_941.root
output_EP_942.root
output_EP_943.root
output_EP_944.root
output_EP_945.root
output_EP_946.root
output_EP_947.root
output_EP_948.root
output_EP_949.root
output_EP_95.root
output_EP_950.root
output_EP_951.root
output_EP_952.root
output_EP_953.root
output_EP_954.root
output_EP_955.root
output_EP_956.root
output_EP_957.root
output_EP_958.root
output_EP_959.root
output_EP_96.root
output_EP_960.root
output_EP_961.root
output_EP_962.root
output_EP_963.root
output_EP_964.root
output_EP_965.root
output_EP_966.root
output_EP_967.root
output_EP_968.root
output_EP_969.root
output_EP_97.root
output_EP_970.root
output_EP_971.root
output_EP_972.root
output_EP_973.root
output_EP_974.root
output_EP_975.root
output_EP_976.root
output_EP_977.root
output_EP_978.root
output_EP_979.root
output_EP_98.root
output_EP_980.root
output_EP_981.root
output_EP_982.root
output_EP_983.root
output_EP_984.root
output_EP_985.root
output_EP_986.root
output_EP_987.root
output_EP_988.root
output_EP_989.root
output_EP_99.root
output_EP_990.root
output_EP_991.root
output_EP_992.root
output_EP_993.root
output_EP_994.root
output_EP_995.root
output_EP_996.root
output_EP_997.root
output_EP_998.root
output_EP_999.root
